build/engine-v1.3.1/runtime/mlxl3: replacing existing signature
build/engine-v1.3.1/runtime/mlxl3:
Load command 11
      cmd LC_BUILD_VERSION
  cmdsize 32
 platform MACOS
    minos 26.2
      sdk 27.0
   ntools 1
     tool LD
  version 27037.1
build/engine-v1.3.1/runtime/libmlx.dylib: replacing existing signature
build/engine-v1.3.1/runtime/libmlx.dylib:
Load command 10
      cmd LC_BUILD_VERSION
  cmdsize 32
 platform MACOS
    minos 26.2
      sdk 26.5
   ntools 1
     tool LD
  version 1267.0
build/engine-v1.3.1/runtime/libjaccl.dylib: replacing existing signature
build/engine-v1.3.1/runtime/libjaccl.dylib:
Load command 10
      cmd LC_BUILD_VERSION
  cmdsize 32
 platform MACOS
    minos 26.2
      sdk 26.5
   ntools 1
     tool LD
  version 1267.0
