native (ubuntu-latest)	Run cargo test --locked --features chat	2026-10-05T08:24:04.9983299Z test result: ok. 30 passed; 0 failed; 2 ignored; 0 measured; 0 filtered out; finished in 0.03s
native (ubuntu-latest)	Run cargo test --locked --features chat	2026-10-05T08:24:04.9998950Z test result: ok. 0 passed; 0 failed; 0 ignored; 0 measured; 0 filtered out; finished in 0.00s
native (ubuntu-latest)	Run cargo test --locked --features chat	2026-10-05T08:24:05.0619067Z test result: ok. 14 passed; 0 failed; 0 ignored; 0 measured; 0 filtered out; finished in 0.06s
native (ubuntu-latest)	Run cargo test --locked --features chat	2026-10-05T08:24:05.0633349Z test result: ok. 0 passed; 0 failed; 0 ignored; 0 measured; 0 filtered out; finished in 0.00s
native (ubuntu-latest)	Run cargo test --locked --features chat	2026-10-05T08:24:05.2334550Z test result: ok. 0 passed; 0 failed; 0 ignored; 0 measured; 0 filtered out; finished in 0.00s
native (ubuntu-latest)	Check bridge benchmark mode validation	2026-10-05T08:24:14.1243196Z 16 passed in 0.46s
kani	Verify Rust safety contracts with Kani	2026-10-05T08:25:14.2267166Z VERIFICATION:- SUCCESSFUL
kani	Verify Rust safety contracts with Kani	2026-10-05T08:25:14.5131252Z VERIFICATION:- SUCCESSFUL
kani	Verify Rust safety contracts with Kani	2026-10-05T08:25:14.7869405Z VERIFICATION:- SUCCESSFUL
kani	Verify Rust safety contracts with Kani	2026-10-05T08:25:14.9149109Z VERIFICATION:- SUCCESSFUL
kani	Verify Rust safety contracts with Kani	2026-10-05T08:25:16.5828371Z VERIFICATION:- SUCCESSFUL
kani	Verify Rust safety contracts with Kani	2026-10-05T08:25:18.7685636Z VERIFICATION:- SUCCESSFUL
kani	Verify Rust safety contracts with Kani	2026-10-05T08:25:18.9104807Z VERIFICATION:- SUCCESSFUL
kani	Verify Rust safety contracts with Kani	2026-10-05T08:25:24.7334549Z VERIFICATION:- SUCCESSFUL
kani	Verify Rust safety contracts with Kani	2026-10-05T08:25:31.8542328Z VERIFICATION:- SUCCESSFUL
kani	Verify Rust safety contracts with Kani	2026-10-05T08:25:34.3909037Z VERIFICATION:- SUCCESSFUL
kani	Verify Rust safety contracts with Kani	2026-10-05T08:25:34.5103818Z VERIFICATION:- SUCCESSFUL
kani	Verify Rust safety contracts with Kani	2026-10-05T08:25:34.6406167Z VERIFICATION:- SUCCESSFUL
kani	Verify Rust safety contracts with Kani	2026-10-05T08:25:34.8046098Z VERIFICATION:- SUCCESSFUL
kani	Verify Rust safety contracts with Kani	2026-10-05T08:25:34.8792218Z VERIFICATION:- SUCCESSFUL
kani	Verify Rust safety contracts with Kani	2026-10-05T08:25:35.4409931Z VERIFICATION:- SUCCESSFUL
kani	Verify Rust safety contracts with Kani	2026-10-05T08:25:35.5388668Z VERIFICATION:- SUCCESSFUL
kani	Verify Rust safety contracts with Kani	2026-10-05T08:25:35.7404647Z VERIFICATION:- SUCCESSFUL
kani	Verify Rust safety contracts with Kani	2026-10-05T08:27:11.0983070Z VERIFICATION:- SUCCESSFUL
kani	Verify Rust safety contracts with Kani	2026-10-05T08:27:21.6043897Z VERIFICATION:- SUCCESSFUL
kani	Verify Rust safety contracts with Kani	2026-10-05T08:27:27.6381812Z VERIFICATION:- SUCCESSFUL
kani	Verify Rust safety contracts with Kani	2026-10-05T08:27:34.1688822Z VERIFICATION:- SUCCESSFUL
kani	Verify Rust safety contracts with Kani	2026-10-05T08:27:37.6389151Z VERIFICATION:- SUCCESSFUL
kani	Verify Rust safety contracts with Kani	2026-10-05T08:27:38.7774993Z VERIFICATION:- SUCCESSFUL
kani	Verify Rust safety contracts with Kani	2026-10-05T08:27:38.9780857Z VERIFICATION:- SUCCESSFUL
kani	Verify Rust safety contracts with Kani	2026-10-05T08:27:39.6748784Z VERIFICATION:- SUCCESSFUL
kani	Verify Rust safety contracts with Kani	2026-10-05T08:27:49.6612986Z VERIFICATION:- SUCCESSFUL
kani	Verify Rust safety contracts with Kani	2026-10-05T08:27:49.6613619Z Complete - 26 successfully verified harnesses, 0 failures, 26 total.
native (macos-26)	Run cargo test --locked --features chat	2026-10-05T08:24:35.8002520Z test result: ok. 30 passed; 0 failed; 3 ignored; 0 measured; 0 filtered out; finished in 0.03s
native (macos-26)	Run cargo test --locked --features chat	2026-10-05T08:24:35.8051570Z test result: ok. 0 passed; 0 failed; 0 ignored; 0 measured; 0 filtered out; finished in 0.00s
native (macos-26)	Run cargo test --locked --features chat	2026-10-05T08:24:36.0008440Z test result: ok. 14 passed; 0 failed; 0 ignored; 0 measured; 0 filtered out; finished in 0.19s
native (macos-26)	Run cargo test --locked --features chat	2026-10-05T08:24:36.0040950Z test result: ok. 0 passed; 0 failed; 0 ignored; 0 measured; 0 filtered out; finished in 0.00s
native (macos-26)	Run cargo test --locked --features chat	2026-10-05T08:24:36.3771660Z test result: ok. 0 passed; 0 failed; 0 ignored; 0 measured; 0 filtered out; finished in 0.00s
native (macos-26)	Check bridge benchmark mode validation	2026-10-05T08:24:44.6424770Z 16 passed in 0.43s
