{"pass": 0, "label": "B", "prompt": "short", "decode_tps": 8.03990406351735, "decode_seconds": 2.8607938955, "prefill_tps": 63.44188472068949, "prefill_seconds": 1.08767025, "ttft_seconds": 1.0965477925, "elapsed_seconds": 3.957362292}
{"pass": 0, "label": "B", "prompt": "document", "decode_tps": 7.921302391670056, "decode_seconds": 2.903816875, "prefill_tps": 103.24904339579201, "prefill_seconds": 4.9204052085, "ttft_seconds": 4.921939854, "elapsed_seconds": 7.8257668124999995}
{"pass": 1, "label": "A", "prompt": "short", "decode_tps": 7.908364150541598, "decode_seconds": 2.91097275, "prefill_tps": 62.404001028131745, "prefill_seconds": 1.1057146875, "ttft_seconds": 1.10603075, "elapsed_seconds": 4.017015937}
{"pass": 1, "label": "A", "prompt": "document", "decode_tps": 7.190486810625284, "decode_seconds": 3.2005294585, "prefill_tps": 99.7967652005191, "prefill_seconds": 5.0907927085, "ttft_seconds": 5.0914921875, "elapsed_seconds": 8.2920341455}
{"pass": 2, "label": "A", "prompt": "short", "decode_tps": 7.879870882655492, "decode_seconds": 2.919493583, "prefill_tps": 61.907273872476296, "prefill_seconds": 1.114638979, "ttft_seconds": 1.115048604, "elapsed_seconds": 4.0345535205}
{"pass": 2, "label": "A", "prompt": "document", "decode_tps": 6.1186668322699385, "decode_seconds": 3.759532916499999, "prefill_tps": 91.55986166663891, "prefill_seconds": 5.564268937, "ttft_seconds": 5.5661472295, "elapsed_seconds": 9.325705917}
{"pass": 3, "label": "B", "prompt": "short", "decode_tps": 6.748876347215454, "decode_seconds": 3.4079748965, "prefill_tps": 53.574483892472585, "prefill_seconds": 1.2879344165, "ttft_seconds": 1.288373937, "elapsed_seconds": 4.696360271}
{"pass": 3, "label": "B", "prompt": "document", "decode_tps": 6.166385556038609, "decode_seconds": 3.7315276875, "prefill_tps": 87.07027081990759, "prefill_seconds": 5.8356209165, "ttft_seconds": 5.8371576245, "elapsed_seconds": 9.5687086035}
{
  "short": {
    "decode_tps": {
      "A": 7.894117516598545,
      "B": 7.394390205366402,
      "change_percent": -6.330375880285455
    },
    "prefill_tps": {
      "A": 62.15563745030402,
      "B": 58.508184306581036,
      "change_percent": -5.868257962343759
    },
    "ttft_seconds": {
      "A": 1.110539677,
      "B": 1.1924608647500001,
      "change_percent": 7.376700666049252
    },
    "elapsed_seconds": {
      "A": 4.025784728750001,
      "B": 4.326861281499999,
      "change_percent": 7.478704725562468
    }
  },
  "document": {
    "decode_tps": {
      "A": 6.654576821447611,
      "B": 7.043843973854333,
      "change_percent": 5.849615427867927
    },
    "prefill_tps": {
      "A": 95.678313433579,
      "B": 95.1596571078498,
      "change_percent": -0.5420834744220948
    },
    "ttft_seconds": {
      "A": 5.3288197085,
      "B": 5.37954873925,
      "change_percent": 0.9519749874269845
    },
    "elapsed_seconds": {
      "A": 8.80887003125,
      "B": 8.697237708,
      "change_percent": -1.267271770998768
    }
  }
}
