{"pass": 0, "label": "A", "prompt": "short", "decode_tps": 8.459921493970214, "decode_seconds": 2.7188637499999997, "prefill_tps": 64.10351288265909, "prefill_seconds": 1.0764038335000001, "ttft_seconds": 1.076864854, "elapsed_seconds": 3.7957370205}
{"pass": 0, "label": "A", "prompt": "document", "decode_tps": 7.58372431773879, "decode_seconds": 3.0329334374999997, "prefill_tps": 105.14623853623348, "prefill_seconds": 4.8319343544999995, "ttft_seconds": 4.8334907705, "elapsed_seconds": 7.866437542}
{"pass": 1, "label": "B", "prompt": "short", "decode_tps": 8.576727619620403, "decode_seconds": 2.682072604, "prefill_tps": 63.13640564201291, "prefill_seconds": 1.092892375, "ttft_seconds": 1.0932917915, "elapsed_seconds": 3.775374813}
{"pass": 1, "label": "B", "prompt": "document", "decode_tps": 7.704774493933792, "decode_seconds": 2.9856843124999997, "prefill_tps": 100.1429094392568, "prefill_seconds": 5.072839167, "ttft_seconds": 5.074029563, "elapsed_seconds": 8.0597249795}
{"pass": 2, "label": "B", "prompt": "short", "decode_tps": 8.310098166749844, "decode_seconds": 2.768609208, "prefill_tps": 62.15908102995446, "prefill_seconds": 1.1100883129999999, "ttft_seconds": 1.110498709, "elapsed_seconds": 3.87911775}
{"pass": 2, "label": "B", "prompt": "document", "decode_tps": 7.622397201871781, "decode_seconds": 3.0175698955000008, "prefill_tps": 99.15709777572596, "prefill_seconds": 5.1232511875, "ttft_seconds": 5.124177146, "elapsed_seconds": 8.141757167}
{"pass": 3, "label": "A", "prompt": "short", "decode_tps": 7.42245879229428, "decode_seconds": 3.105368125, "prefill_tps": 61.49470139249787, "prefill_seconds": 1.122115146, "ttft_seconds": 1.1225993335, "elapsed_seconds": 4.227979749999999}
{"pass": 3, "label": "A", "prompt": "document", "decode_tps": 6.3154315164095145, "decode_seconds": 3.6419445210000005, "prefill_tps": 94.81300312241169, "prefill_seconds": 5.363819625, "ttft_seconds": 5.364901354000001, "elapsed_seconds": 9.0068626875}
{
  "short": {
    "decode_tps": {
      "A": 7.941190143132246,
      "B": 8.443412893185123,
      "change_percent": 6.324275593466444
    },
    "prefill_tps": {
      "A": 62.79910713757848,
      "B": 62.647743335983684,
      "change_percent": -0.24102858861224652
    },
    "ttft_seconds": {
      "A": 1.0997320937500001,
      "B": 1.1018952502500001,
      "change_percent": 0.19669849705157283
    },
    "elapsed_seconds": {
      "A": 4.011858385249999,
      "B": 3.8272462815,
      "change_percent": -4.60166052791754
    }
  },
  "document": {
    "decode_tps": {
      "A": 6.949577917074152,
      "B": 7.6635858479027865,
      "change_percent": 10.274119368809664
    },
    "prefill_tps": {
      "A": 99.97962082932258,
      "B": 99.65000360749139,
      "change_percent": -0.3296844087795625
    },
    "ttft_seconds": {
      "A": 5.09919606225,
      "B": 5.0991033545,
      "change_percent": -0.001818085613258802
    },
    "elapsed_seconds": {
      "A": 8.43665011475,
      "B": 8.10074107325,
      "change_percent": -3.98154524522385
    }
  }
}
