{
  "checks": 48,
  "timings": [
    {
      "kind": "dense",
      "input": 17408,
      "widths": [
        5120
      ],
      "k": 2,
      "sg": 8,
      "splits": 4,
      "nt": [
        1,
        2,
        4,
        8
      ],
      "medians_ms": [
        0.7448125,
        0.6774789999999999,
        0.6190415,
        0.826792
      ],
      "fp32_bit_exact": true
    },
    {
      "kind": "group",
      "input": 5120,
      "widths": [
        17408,
        17408
      ],
      "k": 2,
      "sg": 4,
      "splits": 1,
      "nt": [
        1,
        2,
        4,
        8
      ],
      "medians_ms": [
        1.0975625,
        0.9713125,
        0.9073955,
        1.660708
      ],
      "fp32_bit_exact": true
    },
    {
      "kind": "group",
      "input": 5120,
      "widths": [
        10240,
        6144
      ],
      "k": 2,
      "sg": 4,
      "splits": 1,
      "nt": [
        1,
        2,
        4,
        8
      ],
      "medians_ms": [
        0.6534795,
        0.591854,
        0.5671875,
        0.942333
      ],
      "fp32_bit_exact": true
    },
    {
      "kind": "dense",
      "input": 5120,
      "widths": [
        248320
      ],
      "k": 3,
      "sg": 8,
      "splits": 1,
      "nt": [
        1,
        2,
        4,
        8
      ],
      "medians_ms": [
        7.121563,
        5.775333,
        5.459083,
        8.130375
      ],
      "fp32_bit_exact": true
    }
  ]
}
