{
  "checks": 48,
  "timings": [
    {
      "kind": "dense",
      "input": 17408,
      "widths": [
        5120
      ],
      "k": 2,
      "sg": 8,
      "splits": 4,
      "nt": [
        1,
        2,
        4,
        8
      ],
      "medians_ms": [
        0.734479,
        0.6703125000000001,
        0.638271,
        0.801854
      ],
      "fp32_bit_exact": true
    },
    {
      "kind": "group",
      "input": 5120,
      "widths": [
        17408,
        17408
      ],
      "k": 2,
      "sg": 4,
      "splits": 1,
      "nt": [
        1,
        2,
        4,
        8
      ],
      "medians_ms": [
        1.0997914999999998,
        0.9696455,
        0.908875,
        1.6601245
      ],
      "fp32_bit_exact": true
    },
    {
      "kind": "group",
      "input": 5120,
      "widths": [
        17408,
        17408
      ],
      "k": 1,
      "sg": 8,
      "splits": 1,
      "nt": [
        1,
        2,
        4,
        8
      ],
      "medians_ms": [
        1.121104,
        0.9941040000000001,
        0.9143129999999999,
        1.434042
      ],
      "fp32_bit_exact": true
    },
    {
      "kind": "group",
      "input": 5120,
      "widths": [
        17408,
        17408
      ],
      "k": 3,
      "sg": 8,
      "splits": 1,
      "nt": [
        1,
        2,
        4,
        8
      ],
      "medians_ms": [
        1.1411665000000002,
        0.9929790000000001,
        0.9508125000000001,
        1.7059585
      ],
      "fp32_bit_exact": true
    },
    {
      "kind": "group",
      "input": 5120,
      "widths": [
        10240,
        6144
      ],
      "k": 2,
      "sg": 4,
      "splits": 1,
      "nt": [
        1,
        2,
        4,
        8
      ],
      "medians_ms": [
        0.6517710000000001,
        0.5869375,
        0.5634790000000001,
        0.9413335
      ],
      "fp32_bit_exact": true
    },
    {
      "kind": "dense",
      "input": 5120,
      "widths": [
        248320
      ],
      "k": 3,
      "sg": 8,
      "splits": 1,
      "nt": [
        1,
        2,
        4,
        8
      ],
      "medians_ms": [
        7.1385835,
        5.82975,
        5.426667,
        8.157104
      ],
      "fp32_bit_exact": true
    }
  ]
}
