{
  "checks": 48,
  "timings": [
    {
      "kind": "dense",
      "input": 17408,
      "widths": [
        5120
      ],
      "k": 2,
      "sg": 8,
      "splits": 4,
      "nt": [
        1,
        2,
        4,
        8
      ],
      "medians_ms": [
        0.6916245000000001,
        0.602771,
        0.5973335,
        0.7870415
      ],
      "fp32_bit_exact": true
    },
    {
      "kind": "group",
      "input": 5120,
      "widths": [
        17408,
        17408
      ],
      "k": 2,
      "sg": 4,
      "splits": 1,
      "nt": [
        1,
        2,
        4,
        8
      ],
      "medians_ms": [
        1.1055835,
        0.975229,
        0.9463125,
        1.6669585
      ],
      "fp32_bit_exact": true
    },
    {
      "kind": "group",
      "input": 5120,
      "widths": [
        10240,
        6144
      ],
      "k": 2,
      "sg": 4,
      "splits": 1,
      "nt": [
        1,
        2,
        4,
        8
      ],
      "medians_ms": [
        0.6996465,
        0.6058125,
        0.5846045,
        0.9508745000000001
      ],
      "fp32_bit_exact": true
    },
    {
      "kind": "dense",
      "input": 5120,
      "widths": [
        248320
      ],
      "k": 3,
      "sg": 8,
      "splits": 1,
      "nt": [
        1,
        2,
        4,
        8
      ],
      "medians_ms": [
        7.0458335,
        5.771167,
        5.4270205,
        8.1157085
      ],
      "fp32_bit_exact": true
    }
  ]
}
