{
  "checks": 48,
  "timings": [
    {
      "kind": "dense",
      "input": 17408,
      "widths": [
        5120
      ],
      "k": 2,
      "sg": 8,
      "splits": 4,
      "nt": [
        1,
        2,
        4,
        8
      ],
      "medians_ms": [
        0.692896,
        0.600833,
        0.5900415,
        0.7674795000000001
      ],
      "fp32_bit_exact": true
    },
    {
      "kind": "group",
      "input": 5120,
      "widths": [
        17408,
        17408
      ],
      "k": 2,
      "sg": 4,
      "splits": 1,
      "nt": [
        1,
        2,
        4,
        8
      ],
      "medians_ms": [
        1.1171045,
        0.9710624999999999,
        0.9159165,
        1.668542
      ],
      "fp32_bit_exact": true
    },
    {
      "kind": "group",
      "input": 5120,
      "widths": [
        17408,
        17408
      ],
      "k": 1,
      "sg": 8,
      "splits": 1,
      "nt": [
        1,
        2,
        4,
        8
      ],
      "medians_ms": [
        1.1171045,
        0.9984165,
        0.9145415,
        1.4270835
      ],
      "fp32_bit_exact": true
    },
    {
      "kind": "group",
      "input": 5120,
      "widths": [
        17408,
        17408
      ],
      "k": 3,
      "sg": 8,
      "splits": 1,
      "nt": [
        1,
        2,
        4,
        8
      ],
      "medians_ms": [
        1.1486874999999999,
        0.9884379999999999,
        0.9509585,
        1.6859169999999999
      ],
      "fp32_bit_exact": true
    },
    {
      "kind": "group",
      "input": 5120,
      "widths": [
        10240,
        6144
      ],
      "k": 2,
      "sg": 4,
      "splits": 1,
      "nt": [
        1,
        2,
        4,
        8
      ],
      "medians_ms": [
        0.6468335000000001,
        0.593333,
        0.5646245000000001,
        0.9345205
      ],
      "fp32_bit_exact": true
    },
    {
      "kind": "dense",
      "input": 5120,
      "widths": [
        248320
      ],
      "k": 3,
      "sg": 8,
      "splits": 1,
      "nt": [
        1,
        2,
        4,
        8
      ],
      "medians_ms": [
        7.0912495,
        5.940500500000001,
        5.387542,
        8.173458499999999
      ],
      "fp32_bit_exact": true
    }
  ]
}
