{"prefix": "model.language_model.layers.0.linear_attn.in_proj_a", "m": 2, "isolated_gain_pct": 1.9390403262186329, "dependent_gain_pct": 3.5776458195908356}
{"prefix": "model.language_model.layers.0.linear_attn.in_proj_a", "m": 3, "isolated_gain_pct": 0.7486843302693447, "dependent_gain_pct": 2.1639892978359554}
{"prefix": "model.language_model.layers.0.linear_attn.in_proj_a", "m": 4, "isolated_gain_pct": -0.21242757537256463, "dependent_gain_pct": 9.169525086043206}
{"prefix": "model.language_model.layers.0.linear_attn.in_proj_a", "m": 5, "isolated_gain_pct": -2.5218460851216484, "dependent_gain_pct": 7.714997762365606}
{"prefix": "model.language_model.layers.0.linear_attn.in_proj_a", "m": 6, "isolated_gain_pct": -4.005589969822687, "dependent_gain_pct": 11.797847638983473}
{"prefix": "model.language_model.layers.0.linear_attn.in_proj_a", "m": 7, "isolated_gain_pct": -3.6592388177419446, "dependent_gain_pct": 23.2920203215217}
{"prefix": "model.language_model.layers.0.linear_attn.in_proj_a", "m": 8, "isolated_gain_pct": -2.5081503567281116, "dependent_gain_pct": 23.712486747823178}
{"prefix": "model.language_model.layers.0.linear_attn.in_proj_b", "m": 2, "isolated_gain_pct": -1.2127985600881575, "dependent_gain_pct": 6.647971609632453}
{"prefix": "model.language_model.layers.0.linear_attn.in_proj_b", "m": 3, "isolated_gain_pct": -0.9127570762428039, "dependent_gain_pct": 4.095829122194406}
{"prefix": "model.language_model.layers.0.linear_attn.in_proj_b", "m": 4, "isolated_gain_pct": 0.8328781791407613, "dependent_gain_pct": 9.157144430238494}
{"prefix": "model.language_model.layers.0.linear_attn.in_proj_b", "m": 5, "isolated_gain_pct": -4.403801776909744, "dependent_gain_pct": 7.617031500689187}
{"prefix": "model.language_model.layers.0.linear_attn.in_proj_b", "m": 6, "isolated_gain_pct": -10.257768369291565, "dependent_gain_pct": 7.254460823229714}
{"prefix": "model.language_model.layers.0.linear_attn.in_proj_b", "m": 7, "isolated_gain_pct": -9.257825265483794, "dependent_gain_pct": 16.786322756586635}
{"prefix": "model.language_model.layers.0.linear_attn.in_proj_b", "m": 8, "isolated_gain_pct": -3.1974546737966127, "dependent_gain_pct": 17.675972373682303}
{"pair": "a+b", "m": 2, "isolated_gain_pct": 2.1235769628112466, "dependent_gain_pct": 11.712148585850468}
{"pair": "a+b", "m": 3, "isolated_gain_pct": 3.475739709359127, "dependent_gain_pct": 27.312989995565374}
{"pair": "a+b", "m": 4, "isolated_gain_pct": 0.2393703322077223, "dependent_gain_pct": 28.555918313666606}
{"pair": "a+b", "m": 5, "isolated_gain_pct": 2.860504913546924, "dependent_gain_pct": 39.46354532947728}
{"pair": "a+b", "m": 6, "isolated_gain_pct": 2.535647573844013, "dependent_gain_pct": 42.65644402127934}
{"pair": "a+b", "m": 7, "isolated_gain_pct": 6.03970678015161, "dependent_gain_pct": 55.22030396890018}
{"pair": "a+b", "m": 8, "isolated_gain_pct": 12.187677084746129, "dependent_gain_pct": 70.56048976918902}
