{"pass": 0, "label": "A", "prompt": "short", "decode_tps": 8.703503925710752, "decode_seconds": 14.591824291, "prefill_tps": 65.80061511864534, "prefill_seconds": 1.048622416, "ttft_seconds": 1.049178417, "elapsed_seconds": 15.641013000000001}
{"pass": 0, "label": "A", "prompt": "document", "decode_tps": 8.027554190136826, "decode_seconds": 15.820509833000001, "prefill_tps": 79.17140142694808, "prefill_seconds": 1.07362, "ttft_seconds": 1.07428425, "elapsed_seconds": 16.89480575}
{"pass": 1, "label": "B", "prompt": "short", "decode_tps": 8.552156949521036, "decode_seconds": 14.850054875, "prefill_tps": 65.28475604012009, "prefill_seconds": 1.056908292, "ttft_seconds": 1.057719208, "elapsed_seconds": 15.907784875}
{"pass": 1, "label": "B", "prompt": "document", "decode_tps": 8.216546655975987, "decode_seconds": 15.456615208, "prefill_tps": 81.84439396029738, "prefill_seconds": 1.038556166, "ttft_seconds": 1.039076041, "elapsed_seconds": 16.495703208}
{"pass": 2, "label": "B", "prompt": "short", "decode_tps": 8.460065723510077, "decode_seconds": 15.011703709000003, "prefill_tps": 65.26510379645765, "prefill_seconds": 1.057226542, "ttft_seconds": 1.05779575, "elapsed_seconds": 16.069510375}
{"pass": 2, "label": "B", "prompt": "document", "decode_tps": 7.951967445270418, "decode_seconds": 15.970890332999998, "prefill_tps": 80.34611844976226, "prefill_seconds": 1.057922917, "ttft_seconds": 1.058445417, "elapsed_seconds": 17.029347167}
{"pass": 3, "label": "A", "prompt": "short", "decode_tps": 8.835275386576777, "decode_seconds": 14.374198250000001, "prefill_tps": 66.77529213118515, "prefill_seconds": 1.033316333, "ttft_seconds": 1.033841874, "elapsed_seconds": 15.408050458}
{"pass": 3, "label": "A", "prompt": "document", "decode_tps": 8.645721627319542, "decode_seconds": 14.689346416, "prefill_tps": 82.26017746166153, "prefill_seconds": 1.033306791, "ttft_seconds": 1.0338083329999999, "elapsed_seconds": 15.723166833}
{
  "short": {
    "decode_tps": {
      "A": 8.769389656143765,
      "B": 8.506111336515556,
      "change_percent": -3.0022422306637875
    },
    "prefill_tps": {
      "A": 66.28795362491525,
      "B": 65.27492991828888,
      "change_percent": -1.528216894970813
    },
    "ttft_seconds": {
      "A": 1.0415101455,
      "B": 1.057757479,
      "change_percent": 1.5599784188564003
    },
    "elapsed_seconds": {
      "A": 15.524531729,
      "B": 15.988647625,
      "change_percent": 2.989564542761869
    }
  },
  "document": {
    "decode_tps": {
      "A": 8.336637908728184,
      "B": 8.084257050623203,
      "change_percent": -3.027369796650836
    },
    "prefill_tps": {
      "A": 80.7157894443048,
      "B": 81.09525620502981,
      "change_percent": 0.47012705114759523
    },
    "ttft_seconds": {
      "A": 1.0540462915,
      "B": 1.048760729,
      "change_percent": -0.5014544942308019
    },
    "elapsed_seconds": {
      "A": 16.3089862915,
      "B": 16.7625251875,
      "change_percent": 2.780914079475183
    }
  }
}
