{"pass": 0, "label": "A", "prompt": "short", "decode_tps": 8.77400952055973, "decode_seconds": 14.474568292, "prefill_tps": 67.60948140747932, "prefill_seconds": 1.020566917, "ttft_seconds": 1.020944791, "elapsed_seconds": 15.49552325}
{"pass": 0, "label": "A", "prompt": "document", "decode_tps": 8.718978450674307, "decode_seconds": 14.565926584, "prefill_tps": 82.79588382192236, "prefill_seconds": 1.026621084, "ttft_seconds": 1.0270170410000001, "elapsed_seconds": 15.592954167}
{"pass": 1, "label": "B", "prompt": "short", "decode_tps": 8.68834585268762, "decode_seconds": 14.617281834, "prefill_tps": 65.6692996172759, "prefill_seconds": 1.050719292, "ttft_seconds": 1.051837541, "elapsed_seconds": 15.669133375}
{"pass": 1, "label": "B", "prompt": "document", "decode_tps": 8.623381242383775, "decode_seconds": 14.72740175, "prefill_tps": 82.46012843244553, "prefill_seconds": 1.030801208, "ttft_seconds": 1.031257042, "elapsed_seconds": 15.758671}
{"pass": 2, "label": "B", "prompt": "short", "decode_tps": 8.753867138761738, "decode_seconds": 14.507873833, "prefill_tps": 67.7418919599429, "prefill_seconds": 1.018572083, "ttft_seconds": 1.019014833, "elapsed_seconds": 15.526900166}
{"pass": 2, "label": "B", "prompt": "document", "decode_tps": 8.686123754864251, "decode_seconds": 14.62102125, "prefill_tps": 81.53322754796731, "prefill_seconds": 1.04251975, "ttft_seconds": 1.0515905, "elapsed_seconds": 15.67262075}
{"pass": 3, "label": "A", "prompt": "short", "decode_tps": 8.532659893711108, "decode_seconds": 14.883987125, "prefill_tps": 66.58205868961831, "prefill_seconds": 1.036315208, "ttft_seconds": 1.036827792, "elapsed_seconds": 15.92082625}
{"pass": 3, "label": "A", "prompt": "document", "decode_tps": 8.284948113208966, "decode_seconds": 15.329003665999998, "prefill_tps": 80.53465536497004, "prefill_seconds": 1.05544625, "ttft_seconds": 1.055870125, "elapsed_seconds": 16.384885708}
{
  "short": {
    "decode_tps": {
      "A": 8.653334707135418,
      "B": 8.72110649572468,
      "change_percent": 0.7831869548901027
    },
    "prefill_tps": {
      "A": 67.09577004854881,
      "B": 66.7055957886094,
      "change_percent": -0.5815184171179433
    },
    "ttft_seconds": {
      "A": 1.0288862915,
      "B": 1.035426187,
      "change_percent": 0.6356285970595899
    },
    "elapsed_seconds": {
      "A": 15.70817475,
      "B": 15.5980167705,
      "change_percent": -0.7012780367750882
    }
  },
  "document": {
    "decode_tps": {
      "A": 8.501963281941636,
      "B": 8.654752498624013,
      "change_percent": 1.7971051110853953
    },
    "prefill_tps": {
      "A": 81.6652695934462,
      "B": 81.99667799020642,
      "change_percent": 0.40581314236771693
    },
    "ttft_seconds": {
      "A": 1.041443583,
      "B": 1.041423771,
      "change_percent": -0.0019023594098888097
    },
    "elapsed_seconds": {
      "A": 15.9889199375,
      "B": 15.715645875,
      "change_percent": -1.7091464812396207
    }
  }
}
