{"pass": 0, "label": "A", "prompt": "short", "decode_tps": 6.786792734906475, "decode_seconds": 18.712815458, "prefill_tps": 67.0771387688843, "prefill_seconds": 1.028666417, "ttft_seconds": 1.029277833, "elapsed_seconds": 19.742102917}
{"pass": 0, "label": "A", "prompt": "document", "decode_tps": 6.896035769969071, "decode_seconds": 18.416377791000002, "prefill_tps": 77.66851011352509, "prefill_seconds": 1.094394625, "ttft_seconds": 1.094890584, "elapsed_seconds": 19.511280125}
{"pass": 1, "label": "B", "prompt": "short", "decode_tps": 6.822298165077726, "decode_seconds": 18.615427958, "prefill_tps": 67.48083764257161, "prefill_seconds": 1.0225125, "ttft_seconds": 1.0230391250000002, "elapsed_seconds": 19.638476625}
{"pass": 1, "label": "B", "prompt": "document", "decode_tps": 6.70737321898563, "decode_seconds": 18.934386958, "prefill_tps": 81.85296161430543, "prefill_seconds": 1.038447459, "ttft_seconds": 1.038973876, "elapsed_seconds": 19.973371542}
{"pass": 2, "label": "B", "prompt": "short", "decode_tps": 6.852912659518777, "decode_seconds": 18.532265959, "prefill_tps": 67.16320665446666, "prefill_seconds": 1.027348208, "ttft_seconds": 1.027893458, "elapsed_seconds": 19.560169209}
{"pass": 2, "label": "B", "prompt": "document", "decode_tps": 6.796788339765417, "decode_seconds": 18.685295709000002, "prefill_tps": 81.80177883800069, "prefill_seconds": 1.039097208, "ttft_seconds": 1.039642749, "elapsed_seconds": 19.724948916}
{"pass": 3, "label": "A", "prompt": "short", "decode_tps": 6.753402691310737, "decode_seconds": 18.805335, "prefill_tps": 67.23248322811409, "prefill_seconds": 1.026289625, "ttft_seconds": 1.026817208, "elapsed_seconds": 19.832162791000002}
{"pass": 3, "label": "A", "prompt": "document", "decode_tps": 6.836056383766141, "decode_seconds": 18.577962624999998, "prefill_tps": 80.62462908876519, "prefill_seconds": 1.054268416, "ttft_seconds": 1.054779418, "elapsed_seconds": 19.632751667}
{
  "short": {
    "decode_tps": {
      "A": 6.770097713108607,
      "B": 6.8376054122982515,
      "change_percent": 0.997145123310883
    },
    "prefill_tps": {
      "A": 67.15481099849919,
      "B": 67.32202214851914,
      "change_percent": 0.24899355315539662
    },
    "ttft_seconds": {
      "A": 1.0280475205,
      "B": 1.0254662915000001,
      "change_percent": -0.25108070867623233
    },
    "elapsed_seconds": {
      "A": 19.787132854,
      "B": 19.599322917000002,
      "change_percent": -0.9491518472421356
    }
  },
  "document": {
    "decode_tps": {
      "A": 6.866046076867606,
      "B": 6.7520807793755235,
      "change_percent": -1.65983880993813
    },
    "prefill_tps": {
      "A": 79.14656960114513,
      "B": 81.82737022615305,
      "change_percent": 3.387134323720753
    },
    "ttft_seconds": {
      "A": 1.074835001,
      "B": 1.0393083125,
      "change_percent": -3.3053155569875314
    },
    "elapsed_seconds": {
      "A": 19.572015896,
      "B": 19.849160229,
      "change_percent": 1.416023441185943
    }
  }
}
