{"pass": 0, "label": "A", "prompt": "short", "decode_tps": 7.078619993754599, "decode_seconds": 17.941350166, "prefill_tps": 67.11585381693143, "prefill_seconds": 1.028073042, "ttft_seconds": 1.028631042, "elapsed_seconds": 18.96999075}
{"pass": 0, "label": "A", "prompt": "document", "decode_tps": 6.948404229755418, "decode_seconds": 18.277577959, "prefill_tps": 79.65948229135643, "prefill_seconds": 1.067041833, "ttft_seconds": 1.0675844159999999, "elapsed_seconds": 19.345172291}
{"pass": 1, "label": "B", "prompt": "short", "decode_tps": 6.989996603806676, "decode_seconds": 18.168821417, "prefill_tps": 67.58314471473486, "prefill_seconds": 1.020964625, "ttft_seconds": 1.02146725, "elapsed_seconds": 19.190298375}
{"pass": 1, "label": "B", "prompt": "document", "decode_tps": 6.851428996689756, "decode_seconds": 18.536279083, "prefill_tps": 82.20878239304449, "prefill_seconds": 1.033952791, "ttft_seconds": 1.034455625, "elapsed_seconds": 19.570745458}
{"pass": 2, "label": "B", "prompt": "short", "decode_tps": 6.967979680529389, "decode_seconds": 18.226229957999998, "prefill_tps": 64.70255600170792, "prefill_seconds": 1.066418458, "ttft_seconds": 1.067031292, "elapsed_seconds": 19.293270458}
{"pass": 2, "label": "B", "prompt": "document", "decode_tps": 6.81468688284304, "decode_seconds": 18.636219416000003, "prefill_tps": 82.3942542713809, "prefill_seconds": 1.031625333, "ttft_seconds": 1.032112, "elapsed_seconds": 19.668343042}
{"pass": 3, "label": "A", "prompt": "short", "decode_tps": 6.993177737673747, "decode_seconds": 18.160556582999998, "prefill_tps": 67.2442580047689, "prefill_seconds": 1.026109917, "ttft_seconds": 1.026662417, "elapsed_seconds": 19.187231167}
{"pass": 3, "label": "A", "prompt": "document", "decode_tps": 6.876455843738992, "decode_seconds": 18.468816333, "prefill_tps": 81.94193714836514, "prefill_seconds": 1.0373198750000001, "ttft_seconds": 1.037821959, "elapsed_seconds": 19.50664825}
{
  "short": {
    "decode_tps": {
      "A": 7.035898865714174,
      "B": 6.978988142168033,
      "change_percent": -0.8088621600783052
    },
    "prefill_tps": {
      "A": 67.18005591085017,
      "B": 66.14285035822138,
      "change_percent": -1.5439188589023933
    },
    "ttft_seconds": {
      "A": 1.0276467295,
      "B": 1.044249271,
      "change_percent": 1.615588414131186
    },
    "elapsed_seconds": {
      "A": 19.0786109585,
      "B": 19.2417844165,
      "change_percent": 0.8552690673075514
    }
  },
  "document": {
    "decode_tps": {
      "A": 6.912430036747205,
      "B": 6.833057939766398,
      "change_percent": -1.1482517227495492
    },
    "prefill_tps": {
      "A": 80.80070971986078,
      "B": 82.3015183322127,
      "change_percent": 1.8574200864760693
    },
    "ttft_seconds": {
      "A": 1.0527031875,
      "B": 1.0332838125000001,
      "change_percent": -1.8447151324883615
    },
    "elapsed_seconds": {
      "A": 19.4259102705,
      "B": 19.61954425,
      "change_percent": 0.9967820133198524
    }
  }
}
