{"pass": 0, "label": "A", "prompt": "short", "decode_tps": 7.966299774637404, "decode_seconds": 5.905414021, "prefill_tps": 62.635378780332786, "prefill_seconds": 1.1016953539999998, "ttft_seconds": 1.102056917, "elapsed_seconds": 7.0074885}
{"pass": 0, "label": "A", "prompt": "document", "decode_tps": 7.359690885975371, "decode_seconds": 6.386469437999999, "prefill_tps": 87.72215984029506, "prefill_seconds": 5.791549604, "ttft_seconds": 5.7925060415, "elapsed_seconds": 12.178985313}
{"pass": 1, "label": "B", "prompt": "short", "decode_tps": 7.190308122897418, "decode_seconds": 6.5369439585, "prefill_tps": 56.697498938263536, "prefill_seconds": 1.218585354, "ttft_seconds": 1.218992271, "elapsed_seconds": 7.7559468334999995}
{"pass": 1, "label": "B", "prompt": "document", "decode_tps": 6.226915332380494, "decode_seconds": 7.554593542, "prefill_tps": 90.06180885324596, "prefill_seconds": 5.6461895415, "ttft_seconds": 5.6475248965, "elapsed_seconds": 13.2021306255}
{"pass": 2, "label": "B", "prompt": "short", "decode_tps": 5.176430158528577, "decode_seconds": 9.081788187499999, "prefill_tps": 42.408817341666406, "prefill_seconds": 1.6270237079999998, "ttft_seconds": 1.6274587915, "elapsed_seconds": 10.709258375000001}
{"pass": 2, "label": "B", "prompt": "document", "decode_tps": 4.900020941649462, "decode_seconds": 9.591829375, "prefill_tps": 70.01149691902515, "prefill_seconds": 7.255969583500001, "ttft_seconds": 7.2574041245, "elapsed_seconds": 16.8492464165}
{"pass": 3, "label": "A", "prompt": "short", "decode_tps": 4.833465338273969, "decode_seconds": 9.724578625, "prefill_tps": 40.25243637355166, "prefill_seconds": 1.714199917, "ttft_seconds": 1.714727083, "elapsed_seconds": 11.4393165}
{"pass": 3, "label": "A", "prompt": "document", "decode_tps": 4.85707435573533, "decode_seconds": 9.6766990205, "prefill_tps": 62.55458366404412, "prefill_seconds": 8.121218791499999, "ttft_seconds": 8.122609479000001, "elapsed_seconds": 17.799330917}
{
  "short": {
    "decode_tps": {
      "A": 6.399882556455687,
      "B": 6.183369140712998,
      "change_percent": -3.3830842024481833
    },
    "prefill_tps": {
      "A": 51.44390757694222,
      "B": 49.55315813996497,
      "change_percent": -3.6753612352431575
    },
    "ttft_seconds": {
      "A": 1.408392,
      "B": 1.42322553125,
      "change_percent": 1.0532246171520265
    },
    "elapsed_seconds": {
      "A": 9.2234025,
      "B": 9.232602604250001,
      "change_percent": 0.09974740070164412
    }
  },
  "document": {
    "decode_tps": {
      "A": 6.10838262085535,
      "B": 5.563468137014977,
      "change_percent": -8.92076540817721
    },
    "prefill_tps": {
      "A": 75.13837175216959,
      "B": 80.03665288613556,
      "change_percent": 6.519014213033603
    },
    "ttft_seconds": {
      "A": 6.957557760250001,
      "B": 6.4524645105000005,
      "change_percent": -7.259634302078021
    },
    "elapsed_seconds": {
      "A": 14.989158114999999,
      "B": 15.025688521000001,
      "change_percent": 0.24371219330487914
    }
  }
}
