{"pass": 0, "label": "B", "prompt": "short", "decode_tps": 8.128736655004126, "decode_seconds": 0.861142854, "prefill_tps": 63.06102340879466, "prefill_seconds": 1.094185167, "ttft_seconds": 1.0946374375, "elapsed_seconds": 1.955791812}
{"pass": 0, "label": "B", "prompt": "document", "decode_tps": 7.259931242633474, "decode_seconds": 0.9649566254999997, "prefill_tps": 103.07035669401901, "prefill_seconds": 4.929275646, "ttft_seconds": 4.9300039165000005, "elapsed_seconds": 5.8949787915}
{"pass": 1, "label": "A", "prompt": "short", "decode_tps": 8.111071721264178, "decode_seconds": 0.8631176455000001, "prefill_tps": 62.49623585036251, "prefill_seconds": 1.1040956254999998, "ttft_seconds": 1.10712575, "elapsed_seconds": 1.9702602705}
{"pass": 1, "label": "A", "prompt": "document", "decode_tps": 6.8605250381417715, "decode_seconds": 1.0236150204999999, "prefill_tps": 86.5122985731916, "prefill_seconds": 5.8755968119999995, "ttft_seconds": 5.8763274795000005, "elapsed_seconds": 6.899953604}
{"pass": 2, "label": "A", "prompt": "short", "decode_tps": 6.678874815705131, "decode_seconds": 1.0523691250000002, "prefill_tps": 52.397195713332025, "prefill_seconds": 1.3169879165, "ttft_seconds": 1.317716312, "elapsed_seconds": 2.3700976039999997}
{"pass": 2, "label": "A", "prompt": "document", "decode_tps": 5.657046941839247, "decode_seconds": 1.2374988750000004, "prefill_tps": 74.86476138898014, "prefill_seconds": 6.7860923125, "ttft_seconds": 6.787205875, "elapsed_seconds": 8.024721021000001}
{"pass": 3, "label": "B", "prompt": "short", "decode_tps": 5.062746887807125, "decode_seconds": 1.5537301870000002, "prefill_tps": 46.428741552169576, "prefill_seconds": 1.4944987085, "ttft_seconds": 1.495629979, "elapsed_seconds": 3.0493843954999997}
{"pass": 3, "label": "B", "prompt": "document", "decode_tps": 6.050901271896531, "decode_seconds": 1.1738672499999998, "prefill_tps": 84.67589230551435, "prefill_seconds": 5.9993921875, "ttft_seconds": 6.0014317705, "elapsed_seconds": 7.1753159795000006}
{
  "short": {
    "decode_tps": {
      "A": 7.394973268484655,
      "B": 6.595741771405626,
      "change_percent": -10.807767223245202
    },
    "prefill_tps": {
      "A": 57.44671578184727,
      "B": 54.74488248048212,
      "change_percent": -4.703198894128791
    },
    "ttft_seconds": {
      "A": 1.2124210309999999,
      "B": 1.29513370825,
      "change_percent": 6.822108420684447
    },
    "elapsed_seconds": {
      "A": 2.1701789372499998,
      "B": 2.50258810375,
      "change_percent": 15.317131725608824
    }
  },
  "document": {
    "decode_tps": {
      "A": 6.258785989990509,
      "B": 6.655416257265003,
      "change_percent": 6.337175738375023
    },
    "prefill_tps": {
      "A": 80.68852998108588,
      "B": 93.87312449976667,
      "change_percent": 16.340109953386662
    },
    "ttft_seconds": {
      "A": 6.33176667725,
      "B": 5.4657178435,
      "change_percent": -13.677838712246116
    },
    "elapsed_seconds": {
      "A": 7.462337312500001,
      "B": 6.5351473855,
      "change_percent": -12.424926509913792
    }
  }
}
