{"pass": 0, "label": "A", "prompt": "short", "decode_tps": 7.795424165470086, "decode_seconds": 0.8991106874999999, "prefill_tps": 62.56621668792131, "prefill_seconds": 1.1028317705, "ttft_seconds": 1.1035273125000002, "elapsed_seconds": 2.0026511045}
{"pass": 0, "label": "A", "prompt": "document", "decode_tps": 7.369234004258627, "decode_seconds": 0.9499645419999996, "prefill_tps": 103.42460391870466, "prefill_seconds": 4.9121266035, "ttft_seconds": 4.913087583, "elapsed_seconds": 5.863062125}
{"pass": 1, "label": "B", "prompt": "short", "decode_tps": 8.154988007925486, "decode_seconds": 0.858537687, "prefill_tps": 62.511983690304184, "prefill_seconds": 1.1037895, "ttft_seconds": 1.1073635425, "elapsed_seconds": 1.9659119170000001}
{"pass": 1, "label": "B", "prompt": "document", "decode_tps": 7.345179559701454, "decode_seconds": 0.9532027085000001, "prefill_tps": 101.5976277600636, "prefill_seconds": 5.0006697495, "ttft_seconds": 5.0013368745, "elapsed_seconds": 5.954551188}
{"pass": 2, "label": "B", "prompt": "short", "decode_tps": 6.258055751273882, "decode_seconds": 1.118559, "prefill_tps": 47.33489929011057, "prefill_seconds": 1.4578658335, "ttft_seconds": 1.4591508955, "elapsed_seconds": 2.5777202705000004}
{"pass": 2, "label": "B", "prompt": "document", "decode_tps": 5.763215215569338, "decode_seconds": 1.2264577294999999, "prefill_tps": 82.97470065360366, "prefill_seconds": 6.1255018334999995, "ttft_seconds": 6.1272887085, "elapsed_seconds": 7.353760854500001}
{"pass": 3, "label": "A", "prompt": "short", "decode_tps": 6.355603947858353, "decode_seconds": 1.1014353335, "prefill_tps": 47.041832420786974, "prefill_seconds": 1.467635208, "ttft_seconds": 1.4690113120000001, "elapsed_seconds": 2.5704586039999997}
{"pass": 3, "label": "A", "prompt": "document", "decode_tps": 5.730088354986865, "decode_seconds": 1.2241076249999998, "prefill_tps": 82.73883828476863, "prefill_seconds": 6.139835521, "ttft_seconds": 6.141367708500001, "elapsed_seconds": 7.3654902705000005}
{
  "short": {
    "decode_tps": {
      "A": 7.07551405666422,
      "B": 7.206521879599684,
      "change_percent": 1.851566146096073
    },
    "prefill_tps": {
      "A": 54.80402455435414,
      "B": 54.92344149020738,
      "change_percent": 0.21789811391461633
    },
    "ttft_seconds": {
      "A": 1.2862693122500002,
      "B": 1.283257219,
      "change_percent": -0.2341728300064405
    },
    "elapsed_seconds": {
      "A": 2.28655485425,
      "B": 2.27181609375,
      "change_percent": -0.6445837270251831
    }
  },
  "document": {
    "decode_tps": {
      "A": 6.5496611796227455,
      "B": 6.554197387635396,
      "change_percent": 0.06925866679583503
    },
    "prefill_tps": {
      "A": 93.08172110173665,
      "B": 92.28616420683363,
      "change_percent": -0.8546864899860229
    },
    "ttft_seconds": {
      "A": 5.527227645750001,
      "B": 5.5643127915,
      "change_percent": 0.6709538330398779
    },
    "elapsed_seconds": {
      "A": 6.61427619775,
      "B": 6.65415602125,
      "change_percent": 0.6029355640389866
    }
  }
}
