{"pass": 0, "label": "A", "prompt": "short", "decode_tps": 6.149184818122274, "decode_seconds": 1.138865729, "prefill_tps": 44.73632700473594, "prefill_seconds": 1.542842354, "ttft_seconds": 1.5434122085, "elapsed_seconds": 2.682288271}
{"pass": 0, "label": "A", "prompt": "document", "decode_tps": 5.217769836048102, "decode_seconds": 1.3421633540000002, "prefill_tps": 78.61066012750922, "prefill_seconds": 6.464417792, "ttft_seconds": 6.4669236045, "elapsed_seconds": 7.8091065835}
{"pass": 1, "label": "B", "prompt": "short", "decode_tps": 6.41106270504926, "decode_seconds": 1.0921246875, "prefill_tps": 49.20552958540709, "prefill_seconds": 1.402498917, "ttft_seconds": 1.4029497085, "elapsed_seconds": 2.4950844165}
{"pass": 1, "label": "B", "prompt": "document", "decode_tps": 5.563351099378163, "decode_seconds": 1.259777375, "prefill_tps": 86.02736209621382, "prefill_seconds": 5.905110375, "ttft_seconds": 5.906920958, "elapsed_seconds": 7.166716333}
{"pass": 2, "label": "B", "prompt": "short", "decode_tps": 6.767774625657503, "decode_seconds": 1.034655979, "prefill_tps": 50.522942248742126, "prefill_seconds": 1.365743271, "ttft_seconds": 1.3661643545, "elapsed_seconds": 2.4008304999999996}
{"pass": 2, "label": "B", "prompt": "document", "decode_tps": 6.070793866493233, "decode_seconds": 1.1627420830000004, "prefill_tps": 88.53489526184578, "prefill_seconds": 5.7394825625, "ttft_seconds": 5.7409830835, "elapsed_seconds": 6.9037422500000005}
{"pass": 3, "label": "A", "prompt": "short", "decode_tps": 6.870614915714057, "decode_seconds": 1.0191132500000002, "prefill_tps": 51.59719527221432, "prefill_seconds": 1.3382155625, "ttft_seconds": 1.338699645, "elapsed_seconds": 2.3578229585}
{"pass": 3, "label": "A", "prompt": "document", "decode_tps": 5.668515503216442, "decode_seconds": 1.2350225005, "prefill_tps": 87.36590510086107, "prefill_seconds": 5.814650812, "ttft_seconds": 5.8156251665, "elapsed_seconds": 7.0506674789999995}
{
  "short": {
    "decode_tps": {
      "A": 6.509899866918166,
      "B": 6.5894186653533815,
      "change_percent": 1.221505707627113
    },
    "prefill_tps": {
      "A": 48.16676113847513,
      "B": 49.86423591707461,
      "change_percent": 3.524162178393908
    },
    "ttft_seconds": {
      "A": 1.4410559267499998,
      "B": 1.3845570315,
      "change_percent": -3.9206594415402973
    },
    "elapsed_seconds": {
      "A": 2.52005561475,
      "B": 2.44795745825,
      "change_percent": -2.860974816508266
    }
  },
  "document": {
    "decode_tps": {
      "A": 5.443142669632272,
      "B": 5.817072482935698,
      "change_percent": 6.869741177088939
    },
    "prefill_tps": {
      "A": 82.98828261418515,
      "B": 87.28112867902979,
      "change_percent": 5.17283395874355
    },
    "ttft_seconds": {
      "A": 6.1412743855,
      "B": 5.823952020749999,
      "change_percent": -5.167044245722385
    },
    "elapsed_seconds": {
      "A": 7.42988703125,
      "B": 7.0352292915,
      "change_percent": -5.311759628242996
    }
  }
}
