{"pass": 0, "label": "A", "prompt": "short", "decode_tps": 7.750475238191424, "decode_seconds": 6.0647268745, "prefill_tps": 61.16125330552977, "prefill_seconds": 1.1281972085, "ttft_seconds": 1.1287772084999999, "elapsed_seconds": 7.193515437}
{"pass": 0, "label": "A", "prompt": "document", "decode_tps": 7.080364749695505, "decode_seconds": 6.6394523329999995, "prefill_tps": 96.94516273636634, "prefill_seconds": 5.2405028125, "ttft_seconds": 5.241571021, "elapsed_seconds": 11.881033603999999}
{"pass": 1, "label": "B", "prompt": "short", "decode_tps": 6.731923172823133, "decode_seconds": 6.983420771, "prefill_tps": 50.6690528867698, "prefill_seconds": 1.3618365215, "ttft_seconds": 1.362293771, "elapsed_seconds": 8.3457251455}
{"pass": 1, "label": "B", "prompt": "document", "decode_tps": 5.130445998732933, "decode_seconds": 9.200241354, "prefill_tps": 77.57735412897415, "prefill_seconds": 6.5668327705, "ttft_seconds": 6.5677758745000006, "elapsed_seconds": 15.768028417}
{"pass": 2, "label": "B", "prompt": "short", "decode_tps": 5.496036815981059, "decode_seconds": 8.551911562499999, "prefill_tps": 43.70425660501681, "prefill_seconds": 1.5789241875, "ttft_seconds": 1.579365395, "elapsed_seconds": 10.1312907495}
{"pass": 2, "label": "B", "prompt": "document", "decode_tps": 4.526858570849377, "decode_seconds": 10.406207667, "prefill_tps": 70.54923241524304, "prefill_seconds": 7.2135282709999995, "ttft_seconds": 7.2153645829999995, "elapsed_seconds": 17.621582708}
{"pass": 3, "label": "A", "prompt": "short", "decode_tps": 5.490441430299347, "decode_seconds": 8.560386208, "prefill_tps": 43.7349644003257, "prefill_seconds": 1.5777066875, "ttft_seconds": 1.578173271, "elapsed_seconds": 10.138570542}
{"pass": 3, "label": "A", "prompt": "document", "decode_tps": 4.567654494085123, "decode_seconds": 10.320413729, "prefill_tps": 69.8943111786789, "prefill_seconds": 7.270879687500001, "ttft_seconds": 7.2725624374999995, "elapsed_seconds": 17.5929964375}
{
  "short": {
    "decode_tps": {
      "A": 6.620458334245385,
      "B": 6.113979994402095,
      "change_percent": -7.650200549159103
    },
    "prefill_tps": {
      "A": 52.44810885292773,
      "B": 47.18665474589331,
      "change_percent": -10.031732739474597
    },
    "ttft_seconds": {
      "A": 1.3534752397499998,
      "B": 1.470829583,
      "change_percent": 8.670594023698342
    },
    "elapsed_seconds": {
      "A": 8.6660429895,
      "B": 9.2385079475,
      "change_percent": 6.605840274432229
    }
  },
  "document": {
    "decode_tps": {
      "A": 5.824009621890314,
      "B": 4.828652284791155,
      "change_percent": -17.090585382242086
    },
    "prefill_tps": {
      "A": 83.41973695752262,
      "B": 74.0632932721086,
      "change_percent": -11.216103079033113
    },
    "ttft_seconds": {
      "A": 6.25706672925,
      "B": 6.89157022875,
      "change_percent": 10.140590263068106
    },
    "elapsed_seconds": {
      "A": 14.737015020749999,
      "B": 16.6948055625,
      "change_percent": 13.284851369109663
    }
  }
}
