native (macos-26)	Run cargo test --locked --features chat	2026-10-05T08:55:57.4515750Z test result: ok. 30 passed; 0 failed; 3 ignored; 0 measured; 0 filtered out; finished in 0.02s
native (macos-26)	Run cargo test --locked --features chat	2026-10-05T08:55:57.4560690Z test result: ok. 0 passed; 0 failed; 0 ignored; 0 measured; 0 filtered out; finished in 0.00s
native (macos-26)	Run cargo test --locked --features chat	2026-10-05T08:55:57.6046400Z test result: ok. 14 passed; 0 failed; 0 ignored; 0 measured; 0 filtered out; finished in 0.14s
native (macos-26)	Run cargo test --locked --features chat	2026-10-05T08:55:57.6070490Z test result: ok. 0 passed; 0 failed; 0 ignored; 0 measured; 0 filtered out; finished in 0.00s
native (macos-26)	Run cargo test --locked --features chat	2026-10-05T08:55:57.8500910Z test result: ok. 0 passed; 0 failed; 0 ignored; 0 measured; 0 filtered out; finished in 0.00s
native (macos-26)	Check bridge benchmark mode validation	2026-10-05T08:56:05.5547870Z 16 passed in 0.43s
native (ubuntu-latest)	Run cargo test --locked --features chat	2026-10-05T08:55:35.4452891Z test result: ok. 30 passed; 0 failed; 2 ignored; 0 measured; 0 filtered out; finished in 0.03s
native (ubuntu-latest)	Run cargo test --locked --features chat	2026-10-05T08:55:35.4465896Z test result: ok. 0 passed; 0 failed; 0 ignored; 0 measured; 0 filtered out; finished in 0.00s
native (ubuntu-latest)	Run cargo test --locked --features chat	2026-10-05T08:55:35.5035100Z test result: ok. 14 passed; 0 failed; 0 ignored; 0 measured; 0 filtered out; finished in 0.06s
native (ubuntu-latest)	Run cargo test --locked --features chat	2026-10-05T08:55:35.5046221Z test result: ok. 0 passed; 0 failed; 0 ignored; 0 measured; 0 filtered out; finished in 0.00s
native (ubuntu-latest)	Run cargo test --locked --features chat	2026-10-05T08:55:35.6101929Z test result: ok. 0 passed; 0 failed; 0 ignored; 0 measured; 0 filtered out; finished in 0.00s
native (ubuntu-latest)	Check bridge benchmark mode validation	2026-10-05T08:55:45.1791683Z 16 passed in 0.32s
kani	Verify Rust safety contracts with Kani	2026-10-05T08:57:20.7513637Z VERIFICATION:- SUCCESSFUL
kani	Verify Rust safety contracts with Kani	2026-10-05T08:57:21.1159068Z VERIFICATION:- SUCCESSFUL
kani	Verify Rust safety contracts with Kani	2026-10-05T08:57:21.4737008Z VERIFICATION:- SUCCESSFUL
kani	Verify Rust safety contracts with Kani	2026-10-05T08:57:21.6407771Z VERIFICATION:- SUCCESSFUL
kani	Verify Rust safety contracts with Kani	2026-10-05T08:57:23.6403537Z VERIFICATION:- SUCCESSFUL
kani	Verify Rust safety contracts with Kani	2026-10-05T08:57:26.3241930Z VERIFICATION:- SUCCESSFUL
kani	Verify Rust safety contracts with Kani	2026-10-05T08:57:26.4926790Z VERIFICATION:- SUCCESSFUL
kani	Verify Rust safety contracts with Kani	2026-10-05T08:57:34.0769868Z VERIFICATION:- SUCCESSFUL
kani	Verify Rust safety contracts with Kani	2026-10-05T08:57:43.1755109Z VERIFICATION:- SUCCESSFUL
kani	Verify Rust safety contracts with Kani	2026-10-05T08:57:46.3498186Z VERIFICATION:- SUCCESSFUL
kani	Verify Rust safety contracts with Kani	2026-10-05T08:57:46.5013783Z VERIFICATION:- SUCCESSFUL
kani	Verify Rust safety contracts with Kani	2026-10-05T08:57:46.6689906Z VERIFICATION:- SUCCESSFUL
kani	Verify Rust safety contracts with Kani	2026-10-05T08:57:46.8676721Z VERIFICATION:- SUCCESSFUL
kani	Verify Rust safety contracts with Kani	2026-10-05T08:57:46.9566394Z VERIFICATION:- SUCCESSFUL
kani	Verify Rust safety contracts with Kani	2026-10-05T08:57:47.6291690Z VERIFICATION:- SUCCESSFUL
kani	Verify Rust safety contracts with Kani	2026-10-05T08:57:47.7455212Z VERIFICATION:- SUCCESSFUL
kani	Verify Rust safety contracts with Kani	2026-10-05T08:57:47.9906274Z VERIFICATION:- SUCCESSFUL
kani	Verify Rust safety contracts with Kani	2026-10-05T08:59:42.8140009Z VERIFICATION:- SUCCESSFUL
kani	Verify Rust safety contracts with Kani	2026-10-05T08:59:55.7019320Z VERIFICATION:- SUCCESSFUL
kani	Verify Rust safety contracts with Kani	2026-10-05T09:00:03.2858888Z VERIFICATION:- SUCCESSFUL
kani	Verify Rust safety contracts with Kani	2026-10-05T09:00:11.6369311Z VERIFICATION:- SUCCESSFUL
kani	Verify Rust safety contracts with Kani	2026-10-05T09:00:16.2435678Z VERIFICATION:- SUCCESSFUL
kani	Verify Rust safety contracts with Kani	2026-10-05T09:00:17.4744423Z VERIFICATION:- SUCCESSFUL
kani	Verify Rust safety contracts with Kani	2026-10-05T09:00:17.7272922Z VERIFICATION:- SUCCESSFUL
kani	Verify Rust safety contracts with Kani	2026-10-05T09:00:18.6711043Z VERIFICATION:- SUCCESSFUL
kani	Verify Rust safety contracts with Kani	2026-10-05T09:00:31.1612481Z VERIFICATION:- SUCCESSFUL
kani	Verify Rust safety contracts with Kani	2026-10-05T09:00:31.1613235Z Complete - 26 successfully verified harnesses, 0 failures, 26 total.
