   Compiling mlxl3-native v1.2.1 (/Users/justin/Documents/mix-stq1_0)
    Finished `release` profile [optimized] target(s) in 27.26s
warning: the following packages contain code that will be rejected by a future version of Rust: block v0.1.6
note: to see what the problems were, use the option `--future-incompat-report`, or run `cargo report future-incompatibilities --id 1`
/Users/justin/Documents/mix-stq1_0/build/rust-runtime/mlxl3: replacing existing signature
/Users/justin/Documents/mix-stq1_0/build/rust-runtime/libmlx.dylib: replacing existing signature
/Users/justin/Documents/mix-stq1_0/build/rust-runtime/libjaccl.dylib: replacing existing signature
/Users/justin/Documents/mix-stq1_0/dist/MLXL3-Engine-v1.2.1-arm64.tar.gz
Building for production...
[Planning deferred tasks]
[5 / 13] SwiftMath
[7 / 51]
[13 / 51]
[14 / 51]
[20 / 51]
[21 / 51]
[23 / 51]
[25 / 51]
[26 / 51]
[34 / 51]
[37 / 51]
[38 / 51]
[41 / 51]
[42 / 51]
[43 / 51]
/Users/justin/Documents/mix-stq1_0/apps/MLXL3Studio/Vendor/SwiftMath/Sources/SwiftMath/MathBundle/MathFont.swift:114:15: warning: 'CTFontManagerRegisterGraphicsFont' was deprecated in macOS 15: Use CTFontManagerCreateFontDescriptorsFromData or CTFontManagerRegisterFontsForURL [#DeprecatedDeclaration]
112 |         /// So we first load a CGFont from the file and then convert it to a CTFont.
113 |         var errorRef: Unmanaged<CFError>? = nil
114 |         guard CTFontManagerRegisterGraphicsFont(defaultCGFont, &errorRef) else {
    |               `- warning: 'CTFontManagerRegisterGraphicsFont' was deprecated in macOS 15: Use CTFontManagerCreateFontDescriptorsFromData or CTFontManagerRegisterFontsForURL [#DeprecatedDeclaration]
115 |             throw FontError.registerFailed
116 |         }

/Users/justin/Documents/mix-stq1_0/apps/MLXL3Studio/Vendor/SwiftMath/Sources/SwiftMath/MathBundle/MathFont.swift:196:13: warning: 'CTFontManagerUnregisterGraphicsFont' was deprecated in macOS 15: Use the API corresponding to the one used to register the font [#DeprecatedDeclaration]
194 |         var errorRef: Unmanaged<CFError>? = nil
195 |         cgFonts.values.forEach { cgFont in
196 |             CTFontManagerUnregisterGraphicsFont(cgF[44 / 51] SwiftMath
ont, &errorRef)
    |             `- warning: 'CTFontManagerUnregisterGraphicsFont' was deprecated in macOS 15: Use the API corresponding to the one used to register the font [#DeprecatedDeclaration]
197 |         }
198 |         cgFonts.removeAll()

[#DeprecatedDeclaration]: <https://docs.swift.org/compiler/documentation/diagnostics/deprecated-declaration>
/Users/justin/Documents/mix-stq1_0/apps/MLXL3Studio/Package.swift: SwiftMath: ld: warning: search path '/Library/Developer/CommandLineTools/Developer/Library/Frameworks' not found
[49 / 54] MLXL3Studio-product
[51 / 96]
[57 / 96]
[59 / 96]
[65 / 96]
[66 / 96]
[68 / 96]
[70 / 96]
[71 / 96]
[81 / 96]
[84 / 96]
[85 / 96]
