F                                                                        [100%]
=================================== FAILURES ===================================
______________ test_inventory_rejects_nonfinite_dependent_outputs ______________

tmp_path = PosixPath('/private/var/folders/dm/q2g7k5r94739pglk_0cp0lsw0000gn/T/pytest-of-justin/pytest-60/test_inventory_rejects_nonfini0')
monkeypatch = <_pytest.monkeypatch.MonkeyPatch object at 0x1075231d0>

    def test_inventory_rejects_nonfinite_dependent_outputs(tmp_path, monkeypatch):
        # Tiny, disposable checkpoint: sixteen distinct shapes; no model is loaded.
        tensors = {}
        for index, (dims, cols) in enumerate(
            (d, c) for d in (128, 256, 384, 512) for c in (128, 256, 384, 512)
        ):
            prefix = f"model.language_model.layers.{index}.self_attn.q_proj"
            tensors[prefix + ".trellis"] = np.zeros((dims // 16, cols // 16, 16), dtype=np.int16)
            tensors[prefix + ".suh"] = np.ones(dims, dtype=np.float16)
            tensors[prefix + ".svh"] = np.full(cols, np.nan, dtype=np.float16)
        header, chunks, offset = {}, [], 0
        for name, value in tensors.items():
            raw = value.tobytes()
            header[name] = {
                "dtype": "I16" if value.dtype == np.int16 else "F16",
                "shape": list(value.shape),
                "data_offsets": [offset, offset + len(raw)],
            }
            chunks.append(raw)
            offset += len(raw)
        raw_header = json.dumps(header).encode()
        raw_header += b" " * (-len(raw_header) % 8)
        (tmp_path / "model.safetensors").write_bytes(
            struct.pack("<Q", len(raw_header)) + raw_header + b"".join(chunks)
        )
        observations = []
    
        def execute_without_timing(mx, functions, iterations, steps=1):
            for fn in functions:
                value = fn(steps)
                mx.eval(value)
                observations.append(
                    {"steps": steps, "finite": bool(np.isfinite(np.asarray(value)).all())}
                )
            return {"medians_ms": [None, None], "review_only_no_timing": True}
    
        monkeypatch.setattr(INVENTORY, "paired", execute_without_timing)
        try:
            INVENTORY.main(["--checkpoint", str(tmp_path), "--output", str(tmp_path / "result.json")])
        except AssertionError:
            pass
        report = json.loads((tmp_path / "result.json").read_text())
        summary = {
            "status": report["status"],
            "parity": report["parity"],
            "rows": len(report["rows"]),
            "dependent_observations": sum(row["steps"] == 8 for row in observations),
            "nonfinite_dependent_outputs": sum(
                row["steps"] == 8 and not row["finite"] for row in observations
            ),
            "timings_measured": False,
        }
        Path(__file__).with_name("nonfinite-inventory-result.json").write_text(
            json.dumps(summary, indent=2)
        )
>       assert report["status"] == "failed", f"nonfinite feedback accepted: {summary}"
E       AssertionError: nonfinite feedback accepted: {'status': 'complete', 'parity': True, 'rows': 80, 'dependent_observations': 160, 'nonfinite_dependent_outputs': 160, 'timings_measured': False}
E       assert 'complete' == 'failed'
E         
E         - failed
E         + complete

docs/measurements/pr27-review/test_review.py:178: AssertionError
----------------------------- Captured stdout call -----------------------------
{"input": 128, "widths": [128], "k": 1, "m": 2, "isolated_ms": null, "dependent_ms": null}
{"input": 128, "widths": [128], "k": 1, "m": 3, "isolated_ms": null, "dependent_ms": null}
{"input": 128, "widths": [128], "k": 1, "m": 4, "isolated_ms": null, "dependent_ms": null}
{"input": 128, "widths": [128], "k": 1, "m": 6, "isolated_ms": null, "dependent_ms": null}
{"input": 128, "widths": [128], "k": 1, "m": 8, "isolated_ms": null, "dependent_ms": null}
{"input": 128, "widths": [256], "k": 1, "m": 2, "isolated_ms": null, "dependent_ms": null}
{"input": 128, "widths": [256], "k": 1, "m": 3, "isolated_ms": null, "dependent_ms": null}
{"input": 128, "widths": [256], "k": 1, "m": 4, "isolated_ms": null, "dependent_ms": null}
{"input": 128, "widths": [256], "k": 1, "m": 6, "isolated_ms": null, "dependent_ms": null}
{"input": 128, "widths": [256], "k": 1, "m": 8, "isolated_ms": null, "dependent_ms": null}
{"input": 384, "widths": [384], "k": 1, "m": 2, "isolated_ms": null, "dependent_ms": null}
{"input": 384, "widths": [384], "k": 1, "m": 3, "isolated_ms": null, "dependent_ms": null}
{"input": 384, "widths": [384], "k": 1, "m": 4, "isolated_ms": null, "dependent_ms": null}
{"input": 384, "widths": [384], "k": 1, "m": 6, "isolated_ms": null, "dependent_ms": null}
{"input": 384, "widths": [384], "k": 1, "m": 8, "isolated_ms": null, "dependent_ms": null}
{"input": 384, "widths": [512], "k": 1, "m": 2, "isolated_ms": null, "dependent_ms": null}
{"input": 384, "widths": [512], "k": 1, "m": 3, "isolated_ms": null, "dependent_ms": null}
{"input": 384, "widths": [512], "k": 1, "m": 4, "isolated_ms": null, "dependent_ms": null}
{"input": 384, "widths": [512], "k": 1, "m": 6, "isolated_ms": null, "dependent_ms": null}
{"input": 384, "widths": [512], "k": 1, "m": 8, "isolated_ms": null, "dependent_ms": null}
{"input": 512, "widths": [128], "k": 1, "m": 2, "isolated_ms": null, "dependent_ms": null}
{"input": 512, "widths": [128], "k": 1, "m": 3, "isolated_ms": null, "dependent_ms": null}
{"input": 512, "widths": [128], "k": 1, "m": 4, "isolated_ms": null, "dependent_ms": null}
{"input": 512, "widths": [128], "k": 1, "m": 6, "isolated_ms": null, "dependent_ms": null}
{"input": 512, "widths": [128], "k": 1, "m": 8, "isolated_ms": null, "dependent_ms": null}
{"input": 512, "widths": [256], "k": 1, "m": 2, "isolated_ms": null, "dependent_ms": null}
{"input": 512, "widths": [256], "k": 1, "m": 3, "isolated_ms": null, "dependent_ms": null}
{"input": 512, "widths": [256], "k": 1, "m": 4, "isolated_ms": null, "dependent_ms": null}
{"input": 512, "widths": [256], "k": 1, "m": 6, "isolated_ms": null, "dependent_ms": null}
{"input": 512, "widths": [256], "k": 1, "m": 8, "isolated_ms": null, "dependent_ms": null}
{"input": 512, "widths": [384], "k": 1, "m": 2, "isolated_ms": null, "dependent_ms": null}
{"input": 512, "widths": [384], "k": 1, "m": 3, "isolated_ms": null, "dependent_ms": null}
{"input": 512, "widths": [384], "k": 1, "m": 4, "isolated_ms": null, "dependent_ms": null}
{"input": 512, "widths": [384], "k": 1, "m": 6, "isolated_ms": null, "dependent_ms": null}
{"input": 512, "widths": [384], "k": 1, "m": 8, "isolated_ms": null, "dependent_ms": null}
{"input": 512, "widths": [512], "k": 1, "m": 2, "isolated_ms": null, "dependent_ms": null}
{"input": 512, "widths": [512], "k": 1, "m": 3, "isolated_ms": null, "dependent_ms": null}
{"input": 512, "widths": [512], "k": 1, "m": 4, "isolated_ms": null, "dependent_ms": null}
{"input": 512, "widths": [512], "k": 1, "m": 6, "isolated_ms": null, "dependent_ms": null}
{"input": 512, "widths": [512], "k": 1, "m": 8, "isolated_ms": null, "dependent_ms": null}
{"input": 128, "widths": [384], "k": 1, "m": 2, "isolated_ms": null, "dependent_ms": null}
{"input": 128, "widths": [384], "k": 1, "m": 3, "isolated_ms": null, "dependent_ms": null}
{"input": 128, "widths": [384], "k": 1, "m": 4, "isolated_ms": null, "dependent_ms": null}
{"input": 128, "widths": [384], "k": 1, "m": 6, "isolated_ms": null, "dependent_ms": null}
{"input": 128, "widths": [384], "k": 1, "m": 8, "isolated_ms": null, "dependent_ms": null}
{"input": 128, "widths": [512], "k": 1, "m": 2, "isolated_ms": null, "dependent_ms": null}
{"input": 128, "widths": [512], "k": 1, "m": 3, "isolated_ms": null, "dependent_ms": null}
{"input": 128, "widths": [512], "k": 1, "m": 4, "isolated_ms": null, "dependent_ms": null}
{"input": 128, "widths": [512], "k": 1, "m": 6, "isolated_ms": null, "dependent_ms": null}
{"input": 128, "widths": [512], "k": 1, "m": 8, "isolated_ms": null, "dependent_ms": null}
{"input": 256, "widths": [128], "k": 1, "m": 2, "isolated_ms": null, "dependent_ms": null}
{"input": 256, "widths": [128], "k": 1, "m": 3, "isolated_ms": null, "dependent_ms": null}
{"input": 256, "widths": [128], "k": 1, "m": 4, "isolated_ms": null, "dependent_ms": null}
{"input": 256, "widths": [128], "k": 1, "m": 6, "isolated_ms": null, "dependent_ms": null}
{"input": 256, "widths": [128], "k": 1, "m": 8, "isolated_ms": null, "dependent_ms": null}
{"input": 256, "widths": [256], "k": 1, "m": 2, "isolated_ms": null, "dependent_ms": null}
{"input": 256, "widths": [256], "k": 1, "m": 3, "isolated_ms": null, "dependent_ms": null}
{"input": 256, "widths": [256], "k": 1, "m": 4, "isolated_ms": null, "dependent_ms": null}
{"input": 256, "widths": [256], "k": 1, "m": 6, "isolated_ms": null, "dependent_ms": null}
{"input": 256, "widths": [256], "k": 1, "m": 8, "isolated_ms": null, "dependent_ms": null}
{"input": 256, "widths": [384], "k": 1, "m": 2, "isolated_ms": null, "dependent_ms": null}
{"input": 256, "widths": [384], "k": 1, "m": 3, "isolated_ms": null, "dependent_ms": null}
{"input": 256, "widths": [384], "k": 1, "m": 4, "isolated_ms": null, "dependent_ms": null}
{"input": 256, "widths": [384], "k": 1, "m": 6, "isolated_ms": null, "dependent_ms": null}
{"input": 256, "widths": [384], "k": 1, "m": 8, "isolated_ms": null, "dependent_ms": null}
{"input": 256, "widths": [512], "k": 1, "m": 2, "isolated_ms": null, "dependent_ms": null}
{"input": 256, "widths": [512], "k": 1, "m": 3, "isolated_ms": null, "dependent_ms": null}
{"input": 256, "widths": [512], "k": 1, "m": 4, "isolated_ms": null, "dependent_ms": null}
{"input": 256, "widths": [512], "k": 1, "m": 6, "isolated_ms": null, "dependent_ms": null}
{"input": 256, "widths": [512], "k": 1, "m": 8, "isolated_ms": null, "dependent_ms": null}
{"input": 384, "widths": [128], "k": 1, "m": 2, "isolated_ms": null, "dependent_ms": null}
{"input": 384, "widths": [128], "k": 1, "m": 3, "isolated_ms": null, "dependent_ms": null}
{"input": 384, "widths": [128], "k": 1, "m": 4, "isolated_ms": null, "dependent_ms": null}
{"input": 384, "widths": [128], "k": 1, "m": 6, "isolated_ms": null, "dependent_ms": null}
{"input": 384, "widths": [128], "k": 1, "m": 8, "isolated_ms": null, "dependent_ms": null}
{"input": 384, "widths": [256], "k": 1, "m": 2, "isolated_ms": null, "dependent_ms": null}
{"input": 384, "widths": [256], "k": 1, "m": 3, "isolated_ms": null, "dependent_ms": null}
{"input": 384, "widths": [256], "k": 1, "m": 4, "isolated_ms": null, "dependent_ms": null}
{"input": 384, "widths": [256], "k": 1, "m": 6, "isolated_ms": null, "dependent_ms": null}
{"input": 384, "widths": [256], "k": 1, "m": 8, "isolated_ms": null, "dependent_ms": null}
=========================== short test summary info ============================
FAILED docs/measurements/pr27-review/test_review.py::test_inventory_rejects_nonfinite_dependent_outputs
1 failed in 0.40s
