Kani Rust Verifier 0.68.0 (cargo plugin)
CBMC 6.11.0
   Compiling mlxl3-native v1.2.2 (/Users/justin/Documents/mix-stq1_0)
warning: use of an unstable feature
 --> <crate attribute>:1:12
  |
1 | #![feature(register_tool)]
  |            ^^^^^^^^^^^^^
  |
  = note: requested on the command line with `--force-warn unstable-features`

warning: Found the following unsupported constructs:
             - caller_location (1)
             - foreign function (1)

         Verification will fail if one or more of these constructs is reachable.
         See https://model-checking.github.io/kani/rust-feature-support.html for more details.

    Finished `dev` profile [unoptimized + debuginfo] target(s) in 0.74s
Checking harness speculative::verification::tuning_never_selects_missing_or_slower_candidate...

VERIFICATION RESULT:
 ** 0 of 395 failed (6 unreachable)

 ** 2 of 2 cover properties satisfied


VERIFICATION:- SUCCESSFUL
Verification Time: 93.57726s

Manual Harness Summary:
Complete - 1 successfully verified harnesses, 0 failures, 1 total.
