Kani Rust Verifier 0.68.0 (cargo plugin)
CBMC 6.11.0
   Compiling mlxl3-native v1.2.2 (/Users/justin/Documents/mix-stq1_0)
warning: use of an unstable feature
 --> <crate attribute>:1:12
  |
1 | #![feature(register_tool)]
  |            ^^^^^^^^^^^^^
  |
  = note: requested on the command line with `--force-warn unstable-features`

warning: Found the following unsupported constructs:
             - caller_location (1)
             - foreign function (1)

         Verification will fail if one or more of these constructs is reachable.
         See https://model-checking.github.io/kani/rust-feature-support.html for more details.

    Finished `dev` profile [unoptimized + debuginfo] target(s) in 1.53s
Checking harness speculative::verification::mtp_all_depths_commit_target_prefix_within_budgets...

VERIFICATION RESULT:
 ** 0 of 274 failed (1 unreachable)

 ** 4 of 4 cover properties satisfied


VERIFICATION:- SUCCESSFUL
Verification Time: 2.4625926s

Manual Harness Summary:
Complete - 1 successfully verified harnesses, 0 failures, 1 total.
