   Compiling mlxl3-native v1.2.0 (/Users/justin/Documents/mix-stq1_0)
    Finished `release` profile [optimized] target(s) in 29.18s
warning: the following packages contain code that will be rejected by a future version of Rust: block v0.1.6
note: to see what the problems were, use the option `--future-incompat-report`, or run `cargo report future-incompatibilities --id 1`
/Users/justin/Documents/mix-stq1_0/build/rust-runtime/mlxl3: replacing existing signature
/Users/justin/Documents/mix-stq1_0/build/rust-runtime/libmlx.dylib: replacing existing signature
/Users/justin/Documents/mix-stq1_0/build/rust-runtime/libjaccl.dylib: replacing existing signature
/Users/justin/Documents/mix-stq1_0/dist/MLXL3-Engine-v1.2.0-arm64.tar.gz
Building for production...
[Planning deferred tasks]
[6 / 18] SwiftMath
[19 / 118]
[29 / 118]
[32 / 118]
[39 / 118]
[43 / 118]
[48 / 118]
[53 / 118]
[54 / 118]
[64 / 118]
[67 / 118]
[69 / 118]
[70 / 118]
[76 / 118]
[77 / 118]
[83 / 118]
[84 / 118]
[87 / 118]
[89 / 118]
[97 / 118]
[101 / 118]
[104 / 118]
[105 / 118]
[106 / 118]
[107 / 118] SwiftMath
/Users/justin/Documents/mix-stq1_0/apps/MLXL3Studio/Vendor/SwiftMath/Sources/SwiftMath/MathBundle/MathFont.swift:114:15: warning: 'CTFontManagerRegisterGraphicsFont' was deprecated in macOS 15: Use CTFontManagerCreateFontDescriptorsFromData or CTFontManagerRegisterFontsForURL [#DeprecatedDeclaration]
112 |         /// So we first load a CGFont from the file and then convert it to a CTFont.
113 |         var errorRef: Unmanaged<CFError>? = nil
114 |         guard CTFontManagerRegisterGraphicsFont(defaultCGFont, &errorRef) else {
    |               `- warning: 'CTFontManagerRegisterGraphicsFont' was deprecated in macOS 15: Use CTFontManagerCreateFontDescriptorsFromData or CTFontManagerRegisterFontsForURL [#DeprecatedDeclaration]
115 |             throw FontError.registerFailed
116 |         }

/Users/justin/Documents/mix-stq1_0/apps/MLXL3Studio/Vendor/SwiftMath/Sources/SwiftMath/MathBundle/MathFont.swift:196:13: warning: 'CTFontManagerUnregisterGraphicsFont' was deprecated in macOS 15: Use the API corresponding to the one used to register the font [#DeprecatedDeclaration]
194 |         var errorRef: Unmanaged<CFError>? = nil
195 |         cgFonts.values.forEach { cgFont in
196 |             CTFontManagerUnregisterGraphicsFont(cgFont, &errorRef)
    |             `- warning: 'CTFontManagerUnregisterGraphicsFont' was deprecated in macOS 15: Use the API corresponding to the one used to register the font [#DeprecatedDeclaration]
197 |         }
198 |         cgFonts.removeAll()

[#DeprecatedDeclaration]: <https://docs.swift.org/compiler/documentation/diagnostics/deprecated-declaration>
[110 / 115] MLXL3Studio-product
[123 / 222]
[133 / 222]
[135 / 222]
[136 / 222]
[142 / 222]
[145 / 222]
[152 / 222]
[157 / 222]
[158 / 222]
[168 / 222]
[169 / 222]
[172 / 222]
[174 / 222]
[177 / 222]
[183 / 222]
[185 / 222]
[191 / 222]
[192 / 222]
[194 / 222]
[196 / 222]
[197 / 222]
[206 / 222]
[207 / 222]
[211 / 222]
[214 / 222]
[215 / 222]
[217 / 222]
[218 / 222] MLXL3Studio-product
/Users/justin/Documents/mix-stq1_0/apps/MLXL3Studio/Package.swift: MLXL3Studio-product: ld: warning: search path '/Library/Developer/CommandLineTools/Developer/usr/lib' not found
/Users/justin/Documents/mix-stq1_0/apps/MLXL3Studio/Package.swift: MLXL3Studio-product: ld: warning: search path '/Library/Developer/CommandLineTools/Developer/Library/Frameworks' not found
[220 / 222] MLXL3Studio-product
[221 / 222] MLXL3Studio-product
Build complete! (51,87 secs)
/Users/justin/Documents/mix-stq1_0/dist/MLXL3 Desktop.app: replacing existing signature
Application créée : /Users/justin/Documents/mix-stq1_0/dist/MLXL3 Desktop.app
