Collecting crosshair-tool==0.0.101
  Downloading crosshair_tool-0.0.101-cp312-cp312-macosx_11_0_arm64.whl.metadata (6.6 kB)
Collecting packaging (from crosshair-tool==0.0.101)
  Using cached packaging-26.3-py3-none-any.whl.metadata (3.5 kB)
Collecting typing-inspect>=0.7.1 (from crosshair-tool==0.0.101)
  Using cached typing_inspect-0.9.0-py3-none-any.whl.metadata (1.5 kB)
Collecting typing_extensions>=3.10.0 (from crosshair-tool==0.0.101)
  Using cached typing_extensions-4.16.0-py3-none-any.whl.metadata (3.3 kB)
Collecting z3-solver>=4.13.0.0 (from crosshair-tool==0.0.101)
  Using cached z3_solver-5.1.0.0-py3-none-macosx_13_0_arm64.whl.metadata (777 bytes)
Collecting importlib_metadata>=4.0.0 (from crosshair-tool==0.0.101)
  Using cached importlib_metadata-9.0.1-py3-none-any.whl.metadata (4.5 kB)
Collecting pygls>=1.0.0 (from crosshair-tool==0.0.101)
  Using cached pygls-2.1.1-py3-none-any.whl.metadata (4.5 kB)
Collecting typeshed-client>=2.0.5 (from crosshair-tool==0.0.101)
  Using cached typeshed_client-2.13.0-py3-none-any.whl.metadata (10 kB)
Collecting zipp>=3.20 (from importlib_metadata>=4.0.0->crosshair-tool==0.0.101)
  Downloading zipp-4.1.1-py3-none-any.whl.metadata (3.6 kB)
Collecting attrs>=24.3.0 (from pygls>=1.0.0->crosshair-tool==0.0.101)
  Using cached attrs-26.1.0-py3-none-any.whl.metadata (8.8 kB)
Collecting cattrs>=23.1.2 (from pygls>=1.0.0->crosshair-tool==0.0.101)
  Using cached cattrs-26.2.1-py3-none-any.whl.metadata (8.5 kB)
Collecting lsprotocol==2025.0.0 (from pygls>=1.0.0->crosshair-tool==0.0.101)
  Using cached lsprotocol-2025.0.0-py3-none-any.whl.metadata (2.2 kB)
Collecting mypy-extensions>=0.3.0 (from typing-inspect>=0.7.1->crosshair-tool==0.0.101)
  Using cached mypy_extensions-1.1.0-py3-none-any.whl.metadata (1.1 kB)
Downloading crosshair_tool-0.0.101-cp312-cp312-macosx_11_0_arm64.whl (533 kB)
   ━━━━━━━━━━━━━━━━━━━━━━━━━━━━━━━━━━━━━━━━ 533.8/533.8 kB 16.2 MB/s  0:00:00
Using cached importlib_metadata-9.0.1-py3-none-any.whl (27 kB)
Using cached pygls-2.1.1-py3-none-any.whl (68 kB)
Using cached lsprotocol-2025.0.0-py3-none-any.whl (76 kB)
Using cached attrs-26.1.0-py3-none-any.whl (67 kB)
Using cached cattrs-26.2.1-py3-none-any.whl (74 kB)
Using cached typeshed_client-2.13.0-py3-none-any.whl (800 kB)
Using cached typing_extensions-4.16.0-py3-none-any.whl (45 kB)
Using cached typing_inspect-0.9.0-py3-none-any.whl (8.8 kB)
Using cached mypy_extensions-1.1.0-py3-none-any.whl (5.0 kB)
Using cached z3_solver-5.1.0.0-py3-none-macosx_13_0_arm64.whl (38.8 MB)
Downloading zipp-4.1.1-py3-none-any.whl (10 kB)
Using cached packaging-26.3-py3-none-any.whl (129 kB)
Installing collected packages: z3-solver, zipp, typing_extensions, packaging, mypy-extensions, attrs, typing-inspect, typeshed-client, importlib_metadata, cattrs, lsprotocol, pygls, crosshair-tool

Successfully installed attrs-26.1.0 cattrs-26.2.1 crosshair-tool-0.0.101 importlib_metadata-9.0.1 lsprotocol-2025.0.0 mypy-extensions-1.1.0 packaging-26.3 pygls-2.1.1 typeshed-client-2.13.0 typing-inspect-0.9.0 typing_extensions-4.16.0 z3-solver-5.1.0.0 zipp-4.1.1
