.....s....................                                               [100%]
=========================== short test summary info ============================
SKIPPED [1] tests/test_ling_integration.py:13: local Ling model not installed
25 passed, 1 skipped in 1.72s
Building for debugging...
[2 / 5] MLXL3Studio-product
[3 / 53]
[10 / 53]
[12 / 53]
[18 / 53]
[19 / 53]
[21 / 53]
[22 / 53]
[24 / 53]
[34 / 53]
[38 / 53]
[41 / 53]
[42 / 53]
[44 / 53]
[50 / 53] MLXL3Studio-product
error: SwiftCompile normal arm64 /Users/justin/Documents/mix-stq1_0/apps/MLXL3Studio/Sources/MLXL3Studio/StudioModel.swift failed with a nonzero exit code. Command line:     cd /Users/justin/Documents/mix-stq1_0/apps
    builtin-SwiftPerFileCompile StudioModel.swift
/Users/justin/Documents/mix-stq1_0/apps/MLXL3Studio/Sources/MLXL3Studio/StudioModel.swift:501:9: error: cannot find 'mtpTask' in scope
 499 |         mtpSupported = nil
 500 |         mtpAutoDownloadSupported = nil
 501 |         mtpTask?.cancel()
     |         `- error: cannot find 'mtpTask' in scope
 502 |         activeContextLimit = nil
 503 |         modelContextLimit = nil

/Users/justin/Documents/mix-stq1_0/apps/MLXL3Studio/Sources/MLXL3Studio/StudioModel.swift:877:9: error: cannot find 'mtpTask' in scope
 875 |         mtpSupported = nil
 876 |         mtpAutoDownloadSupported = nil
 877 |         mtpTask?.cancel()
     |         `- error: cannot find 'mtpTask' in scope
 878 |         runtimeIdentity = nil
 879 |         contextLengthDraft = savedContextLength
Failed frontend command:
/Library/Developer/CommandLineTools/usr/bin/swift-frontend -frontend -c /Users/justin/Documents/mix-stq1_0/apps/MLXL3Studio/Sources/MLXL3Studio/AppDelegate.swift /Users/justin/Documents/mix-stq1_0/apps/MLXL3Studio/Sources/MLXL3Studio/AppSettingsView.swift /Users/justin/Documents/mix-stq1_0/apps/MLXL3Studio/Sources/MLXL3Studio/CLICommand.swift /Users/justin/Documents/mix-stq1_0/apps/MLXL3Studio/Sources/MLXL3Studio/ChatAttachment.swift /Users/justin/Documents/mix-stq1_0/apps/MLXL3Studio/Sources/MLXL3Studio/ChatComponents.swift /Users/justin/Documents/mix-stq1_0/apps/MLXL3Studio/Sources/MLXL3Studio/ChatTimelineCheck.swift /Users/justin/Documents/mix-stq1_0/apps/MLXL3Studio/Sources/MLXL3Studio/ConversationStore.swift /Users/justin/Documents/mix-stq1_0/apps/MLXL3Studio/Sources/MLXL3Studio/Domain.swift /Users/justin/Documents/mix-stq1_0/apps/MLXL3Studio/Sources/MLXL3Studio/EngineRuntimeStore.swift /Users/justin/Documents/mix-stq1_0/apps/MLXL3Studio/Sources/MLXL3Studio/GenerationInspector.swift /Users/justin/Documents/mix-stq1_0/apps/MLXL3Studio/Sources/MLXL3Studio/Localization.swift /Users/justin/Documents/mix-stq1_0/apps/MLXL3Studio/Sources/MLXL3Studio/MCPPreferenceCheck.swift /Users/justin/Documents/mix-stq1_0/apps/MLXL3Studio/Sources/MLXL3Studio/MLXL3Bridge.swift /Users/justin/Documents/mix-stq1_0/apps/MLXL3Studio/Sources/MLXL3Studio/MLXL3StudioApp.swift /Users/justin/Documents/mix-stq1_0/apps/MLXL3Studio/Sources/MLXL3Studio/MarkdownResponseView.swift /Users/justin/Documents/mix-stq1_0/apps/MLXL3Studio/Sources/MLXL3Studio/MenuBarPanel.swift /Users/justin/Documents/mix-stq1_0/apps/MLXL3Studio/Sources/MLXL3Studio/MessageCopyButton.swift /Users/justin/Documents/mix-stq1_0/apps/MLXL3Studio/Sources/MLXL3Studio/ModelLibrary.swift /Users/justin/Documents/mix-stq1_0/apps/MLXL3Studio/Sources/MLXL3Studio/ModelManager.swift /Users/justin/Documents/mix-stq1_0/apps/MLXL3Studio/Sources/MLXL3Studio/SidebarUpdateBadge.swift -primary-file /Users/justin/Documents/mix-stq1_0/apps/MLXL3Studio/Sources/MLXL3Studio/StudioModel.swift /Users/justin/Documents/mix-stq1_0/apps/MLXL3Studio/Sources/MLXL3Studio/StudioView.swift /Users/justin/Documents/mix-stq1_0/apps/MLXL3Studio/Sources/MLXL3Studio/Theme.swift /Users/justin/Documents/mix-stq1_0/apps/MLXL3Studio/Sources/MLXL3Studio/UIPreview.swift /Users/justin/Documents/mix-stq1_0/apps/MLXL3Studio/Sources/MLXL3Studio/UpdateManager.swift -emit-dependencies-path /Users/justin/Documents/mix-stq1_0/apps/MLXL3Studio/.build/out/Intermediates.noindex/MLXL3Studio.build/Debug/MLXL3Studio-p.build/Objects-normal/arm64/StudioModel.d -emit-const-values-path /Users/justin/Documents/mix-stq1_0/apps/MLXL3Studio/.build/out/Intermediates.noindex/MLXL3Studio.build/Debug/MLXL3Studio-p.build/Objects-normal/arm64/StudioModel.swiftconstvalues -emit-reference-dependencies-path /Users/justin/Documents/mix-stq1_0/apps/MLXL3Studio/.build/out/Intermediates.noindex/MLXL3Studio.build/Debug/MLXL3Studio-p.build/Objects-normal/arm64/StudioModel.swiftdeps -serialize-diagnostics-path /Users/justin/Documents/mix-stq1_0/apps/MLXL3Studio/.build/out/Intermediates.noindex/MLXL3Studio.build/Debug/MLXL3Studio-p.build/Objects-normal/arm64/StudioModel.dia -target arm64-apple-macos26.0 -disable-cross-import-overlay-search -swift-module-cross-import Darwin /Library/Developer/CommandLineTools/SDKs/MacOSX26.5.sdk/usr/include/Darwin.swiftcrossimport/xlocale.swiftoverlay -load-resolved-plugin /Library/Developer/CommandLineTools/usr/lib/swift/host/plugins/libObservationMacros.dylib\#\#ObservationMacros -load-resolved-plugin /Library/Developer/CommandLineTools/usr/lib/swift/host/plugins/libSwiftMacros.dylib\#\#SwiftMacros -disable-implicit-swift-modules -Xcc -fno-implicit-modules -Xcc -fno-implicit-module-maps -explicit-swift-module-map-file /Users/justin/Documents/mix-stq1_0/apps/MLXL3Studio/.build/out/Intermediates.noindex/MLXL3Studio.build/Debug/MLXL3Studio-p.build/Objects-normal/arm64/MLXL3Studio-dependencies-1.json -Xllvm -aarch64-use-tbi -enable-objc-interop -stack-check -sdk /Library/Developer/CommandLineTools/SDKs/MacOSX26.5.sdk -I /Users/justin/Documents/mix-stq1_0/apps/MLXL3Studio/.build/out/Products/Debug -Isystem /Library/Developer/CommandLineTools/Developer/usr/lib -F /Users/justin/Documents/mix-stq1_0/apps/MLXL3Studio/.build/out/Products/Debug/PackageFrameworks -F /Users/justin/Documents/mix-stq1_0/apps/MLXL3Studio/.build/out/Products/Debug -F /Library/Developer/CommandLineTools/Library/Developer/Frameworks -F /Library/Developer/CommandLineTools/Developer/Library/Frameworks -module-cache-path /Users/justin/Documents/mix-stq1_0/apps/MLXL3Studio/.build/out/Intermediates.noindex/SwiftExplicitPrecompiledModules -no-color-diagnostics -Xcc -fno-color-diagnostics -enable-testing -g -debug-info-format\=dwarf -dwarf-version\=5 -swift-version 6 -Onone -D SWIFT_PACKAGE -D DEBUG -D Xcode -serialize-debugging-options -enable-experimental-feature DebugDescriptionMacro -empty-abi-descriptor -validate-clang-modules-once -clang-build-session-file /Users/justin/Documents/mix-stq1_0/apps/MLXL3Studio/.build/out/ModuleCache.noindex/Session.modulevalidation -Xcc -working-directory -Xcc /Users/justin/Documents/mix-stq1_0/apps -enable-anonymous-context-mangled-names -file-compilation-dir /Users/justin/Documents/mix-stq1_0/apps -Xcc -D_LIBCPP_HARDENING_MODE\=_LIBCPP_HARDENING_MODE_DEBUG -Xcc -ivfsstatcache -Xcc /Users/justin/Documents/mix-stq1_0/apps/MLXL3Studio/.build/out/SDKStatCaches.noindex/macosx26.5-25F70-1aa54e4a50e311dbd51de5aafe7eca3d742078817fd907cefe959747f00b8bba.sdkstatcache -Xcc -fmodules-prune-interval\=86400 -Xcc -fmodules-prune-after\=345600 -Xcc -I/Users/justin/Documents/mix-stq1_0/apps/MLXL3Studio/.build/out/Products/Debug/include -Xcc -I/Users/justin/Documents/mix-stq1_0/apps/MLXL3Studio/.build/out/Intermediates.noindex/MLXL3Studio.build/Debug/MLXL3Studio-p.build/DerivedSources-normal/arm64 -Xcc -I/Users/justin/Documents/mix-stq1_0/apps/MLXL3Studio/.build/out/Intermediates.noindex/MLXL3Studio.build/Debug/MLXL3Studio-p.build/DerivedSources/arm64 -Xcc -I/Users/justin/Documents/mix-stq1_0/apps/MLXL3Studio/.build/out/Intermediates.noindex/MLXL3Studio.build/Debug/MLXL3Studio-p.build/DerivedSources -Xcc -DSWIFT_PACKAGE -Xcc -DDEBUG\=1 -no-auto-bridging-header-chaining -module-name MLXL3Studio -package-name mlxl3studio -const-gather-protocols-file /Users/justin/Documents/mix-stq1_0/apps/MLXL3Studio/.build/out/Intermediates.noindex/MLXL3Studio.build/Debug/MLXL3Studio-p.build/Objects-normal/arm64/MLXL3Studio_const_extract_protocols.json -disable-clang-spi -clang-target arm64-apple-macos26.5 -target-sdk-version 26.5 -target-sdk-name macosx26.5 -in-process-plugin-server-path /Library/Developer/CommandLineTools/usr/lib/swift/host/libSwiftInProcPluginServer.dylib -parse-as-library -o /Users/justin/Documents/mix-stq1_0/apps/MLXL3Studio/.build/out/Intermediates.noindex/MLXL3Studio.build/Debug/MLXL3Studio-p.build/Objects-normal/arm64/StudioModel.o -debug-module-path /Users/justin/Documents/mix-stq1_0/apps/MLXL3Studio/.build/out/Intermediates.noindex/MLXL3Studio.build/Debug/MLXL3Studio-p.build/Objects-normal/arm64/MLXL3Studio.swiftmodule -index-unit-output-path /MLXL3Studio.build/Debug/MLXL3Studio-p.build/Objects-normal/arm64/StudioModel.o -index-store-path /Users/justin/Documents/mix-stq1_0/apps/MLXL3Studio/.build/out -index-system-modules
error: Build failed
