   Compiling onig_sys v69.9.3
   Compiling esaxx-rs v0.1.10
   Compiling mlxl3-native v1.2.0 (/Users/justin/Documents/mix-stq1_0)
    Checking onig v6.5.3
    Checking tokenizers v0.23.2
error[E0599]: no associated function or constant named `from_call` found for struct `array::Array` in the current scope
   --> native/src/array.rs:629:15
    |
252 | pub struct Array {
    | ---------------- associated function or constant `from_call` not found for this struct
...
629 |         Self::from_call(|out| unsafe {
    |               ^^^^^^^^^ associated function or constant not found in `array::Array`
    |
note: if you're trying to build a new `array::Array` consider using one of the following associated functions:
      array::Array::owned
      array::Array::output
      array::Array::from_bytes
      array::Array::from_file
      and 11 others
   --> native/src/array.rs:270:5
    |
270 |     fn owned(ptr: *mut c_void) -> Result<Self> {
    |     ^^^^^^^^^^^^^^^^^^^^^^^^^^^^^^^^^^^^^^^^^^
...
300 |     fn output(f: impl FnOnce(*mut *mut c_void) -> i32) -> Result<Self> {
    |     ^^^^^^^^^^^^^^^^^^^^^^^^^^^^^^^^^^^^^^^^^^^^^^^^^^^^^^^^^^^^^^^^^^
...
305 |     pub fn from_bytes(data: &[u8], shape: &[i32], dtype: Dtype) -> Result<Self> {
    |     ^^^^^^^^^^^^^^^^^^^^^^^^^^^^^^^^^^^^^^^^^^^^^^^^^^^^^^^^^^^^^^^^^^^^^^^^^^^
...
325 |     pub fn from_file(file: &File, offset: u64, shape: &[i32], dtype: Dtype) -> Result<Self> {
    |     ^^^^^^^^^^^^^^^^^^^^^^^^^^^^^^^^^^^^^^^^^^^^^^^^^^^^^^^^^^^^^^^^^^^^^^^^^^^^^^^^^^^^^^^
help: there is an associated function `from_file` with a similar name
   --> native/src/array.rs:325:5
    |
325 |     pub fn from_file(file: &File, offset: u64, shape: &[i32], dtype: Dtype) -> Result<Self> {
    |     ^^^^^^^^^^^^^^^^^^^^^^^^^^^^^^^^^^^^^^^^^^^^^^^^^^^^^^^^^^^^^^^^^^^^^^^^^^^^^^^^^^^^^^^

For more information about this error, try `rustc --explain E0599`.
error: could not compile `mlxl3-native` (lib) due to 1 previous error
