   Compiling mlxl3-native v1.2.0 (/Users/justin/Documents/mix-stq1_0)
error[E0716]: temporary value dropped while borrowed
   --> native/src/mtp.rs:216:41
    |
216 |                     multiplier: linear(&format!("{prefix}.shared_expert_gate"), h, 1, None)?,
    |                                         ^^^^^^^^^^^^^^^^^^^^^^^^^^^^^^^^^^^^^^ creates a temporary value which is freed while still in use
217 |                 }
    |                 - temporary value is freed at the end of this statement
...
222 |                 fc: linear("fc", h * 2, h, None)?,
    |                     ------ borrow later used here
    |
    = note: consider using a `let` binding to create a longer lived value

error[E0716]: temporary value dropped while borrowed
   --> native/src/mtp.rs:211:26
    |
211 |                         &format!("{prefix}.shared_expert.down_proj"),
    |                          ^^^^^^^^^^^^^^^^^^^^^^^^^^^^^^^^^^^^^^^^^^^ creates a temporary value which is freed while still in use
...
217 |                 }
    |                 - temporary value is freed at the end of this statement
...
222 |                 fc: linear("fc", h * 2, h, None)?,
    |                     ------ borrow later used here
    |
    = note: consider using a `let` binding to create a longer lived value

error[E0716]: temporary value dropped while borrowed
   --> native/src/mtp.rs:205:26
    |
205 |                         &format!("{prefix}.shared_expert.up_proj"),
    |                          ^^^^^^^^^^^^^^^^^^^^^^^^^^^^^^^^^^^^^^^^^ creates a temporary value which is freed while still in use
...
217 |                 }
    |                 - temporary value is freed at the end of this statement
...
222 |                 fc: linear("fc", h * 2, h, None)?,
    |                     ------ borrow later used here
    |
    = note: consider using a `let` binding to create a longer lived value

error[E0716]: temporary value dropped while borrowed
   --> native/src/mtp.rs:199:26
    |
199 |                         &format!("{prefix}.shared_expert.gate_proj"),
    |                          ^^^^^^^^^^^^^^^^^^^^^^^^^^^^^^^^^^^^^^^^^^^ creates a temporary value which is freed while still in use
...
217 |                 }
    |                 - temporary value is freed at the end of this statement
...
222 |                 fc: linear("fc", h * 2, h, None)?,
    |                     ------ borrow later used here
    |
    = note: consider using a `let` binding to create a longer lived value

error[E0716]: temporary value dropped while borrowed
   --> native/src/mtp.rs:193:26
    |
193 |                         &format!("{prefix}.switch_mlp.down_proj"),
    |                          ^^^^^^^^^^^^^^^^^^^^^^^^^^^^^^^^^^^^^^^^ creates a temporary value which is freed while still in use
...
217 |                 }
    |                 - temporary value is freed at the end of this statement
...
222 |                 fc: linear("fc", h * 2, h, None)?,
    |                     ------ borrow later used here
    |
    = note: consider using a `let` binding to create a longer lived value

error[E0716]: temporary value dropped while borrowed
   --> native/src/mtp.rs:187:26
    |
187 |                         &format!("{prefix}.switch_mlp.up_proj"),
    |                          ^^^^^^^^^^^^^^^^^^^^^^^^^^^^^^^^^^^^^^ creates a temporary value which is freed while still in use
...
217 |                 }
    |                 - temporary value is freed at the end of this statement
...
222 |                 fc: linear("fc", h * 2, h, None)?,
    |                     ------ borrow later used here
    |
    = note: consider using a `let` binding to create a longer lived value

error[E0716]: temporary value dropped while borrowed
   --> native/src/mtp.rs:181:26
    |
181 |                         &format!("{prefix}.switch_mlp.gate_proj"),
    |                          ^^^^^^^^^^^^^^^^^^^^^^^^^^^^^^^^^^^^^^^^ creates a temporary value which is freed while still in use
...
217 |                 }
    |                 - temporary value is freed at the end of this statement
...
222 |                 fc: linear("fc", h * 2, h, None)?,
    |                     ------ borrow later used here
    |
    = note: consider using a `let` binding to create a longer lived value

error[E0716]: temporary value dropped while borrowed
   --> native/src/mtp.rs:179:37
    |
179 |                     router: linear(&format!("{prefix}.gate"), h, layout.num_experts, None)?,
    |                                     ^^^^^^^^^^^^^^^^^^^^^^^^ creates a temporary value which is freed while still in use
...
217 |                 }
    |                 - temporary value is freed at the end of this statement
...
222 |                 fc: linear("fc", h * 2, h, None)?,
    |                     ------ borrow later used here
    |
    = note: consider using a `let` binding to create a longer lived value

error[E0716]: temporary value dropped while borrowed
   --> native/src/mtp.rs:173:35
    |
173 |                     down: linear(&format!("{prefix}.down_proj"), intermediate, h, None)?,
    |                                   ^^^^^^^^^^^^^^^^^^^^^^^^^^^^^ creates a temporary value which is freed while still in use
174 |                 }
    |                 - temporary value is freed at the end of this statement
...
222 |                 fc: linear("fc", h * 2, h, None)?,
    |                     ------ borrow later used here
    |
    = note: consider using a `let` binding to create a longer lived value

error[E0716]: temporary value dropped while borrowed
   --> native/src/mtp.rs:172:33
    |
172 |                     up: linear(&format!("{prefix}.up_proj"), h, intermediate, None)?,
    |                                 ^^^^^^^^^^^^^^^^^^^^^^^^^^^ creates a temporary value which is freed while still in use
173 |                     down: linear(&format!("{prefix}.down_proj"), intermediate, h, None)?,
174 |                 }
    |                 - temporary value is freed at the end of this statement
...
222 |                 fc: linear("fc", h * 2, h, None)?,
    |                     ------ borrow later used here
    |
    = note: consider using a `let` binding to create a longer lived value

error[E0716]: temporary value dropped while borrowed
   --> native/src/mtp.rs:171:35
    |
171 |                     gate: linear(&format!("{prefix}.gate_proj"), h, intermediate, None)?,
    |                                   ^^^^^^^^^^^^^^^^^^^^^^^^^^^^^ creates a temporary value which is freed while still in use
...
174 |                 }
    |                 - temporary value is freed at the end of this statement
...
222 |                 fc: linear("fc", h * 2, h, None)?,
    |                     ------ borrow later used here
    |
    = note: consider using a `let` binding to create a longer lived value

For more information about this error, try `rustc --explain E0716`.
error: could not compile `mlxl3-native` (lib) due to 11 previous errors
