Building for debugging...
[1 / 7]
[2 / 5] MLXL3Studio-product
[3 / 58]
[10 / 58]
[12 / 58]
[18 / 58]
[19 / 58]
[21 / 58]
[22 / 58]
[24 / 58]
[34 / 58]
[38 / 58]
[41 / 58]
[42 / 58]
[44 / 58]
[55 / 58] MLXL3Studio-product
[57 / 59] MLXL3Studio-product
[58 / 60] MLXL3Studio-product
/Users/justin/Documents/mix-stq1_0/apps/MLXL3Studio/Package.swift: MLXL3Studio-product: ld: warning: search path '/Library/Developer/CommandLineTools/Developer/usr/lib' not found
/Users/justin/Documents/mix-stq1_0/apps/MLXL3Studio/Package.swift: MLXL3Studio-product: ld: warning: search path '/Library/Developer/CommandLineTools/Developer/Library/Frameworks' not found
[60 / 62] MLXL3Studio-product
Build complete! (18,39 secs)
